<?xml version="1.0"?>
<link_info>
   <banner>TMS320C2000 Linker PC v6.2.7</banner>
   <copyright>Copyright (c) 1996-2014 Texas Instruments Incorporated</copyright>
   <link_time>0x55406855</link_time>
   <link_errors>0x0</link_errors>
   <output_file>Bur1_pp.out</output_file>
   <entry_point>
      <name>_c_int00</name>
      <address>0x3eea73</address>
   </entry_point>
   <input_file_list>
      <input_file id="fl-2">
         <path>.\</path>
         <kind>object</kind>
         <file>main.obj</file>
         <name>main.obj</name>
      </input_file>
      <input_file id="fl-3">
         <path>.\src\</path>
         <kind>object</kind>
         <file>DSP280x_CodeStartBranch.obj</file>
         <name>DSP280x_CodeStartBranch.obj</name>
      </input_file>
      <input_file id="fl-4">
         <path>.\src\</path>
         <kind>object</kind>
         <file>DSP280x_DelayUs.obj</file>
         <name>DSP280x_DelayUs.obj</name>
      </input_file>
      <input_file id="fl-5">
         <path>.\src\</path>
         <kind>object</kind>
         <file>InitHardware.obj</file>
         <name>InitHardware.obj</name>
      </input_file>
      <input_file id="fl-6">
         <path>.\src\</path>
         <kind>object</kind>
         <file>LogEv.obj</file>
         <name>LogEv.obj</name>
      </input_file>
      <input_file id="fl-7">
         <path>.\src\</path>
         <kind>object</kind>
         <file>VlvDrvCtrl.obj</file>
         <name>VlvDrvCtrl.obj</name>
      </input_file>
      <input_file id="fl-8">
         <path>.\src\</path>
         <kind>object</kind>
         <file>adt7301.obj</file>
         <name>adt7301.obj</name>
      </input_file>
      <input_file id="fl-9">
         <path>.\src\</path>
         <kind>object</kind>
         <file>at25xxx.obj</file>
         <name>at25xxx.obj</name>
      </input_file>
      <input_file id="fl-a">
         <path>.\src\</path>
         <kind>object</kind>
         <file>btwt41.obj</file>
         <name>btwt41.obj</name>
      </input_file>
      <input_file id="fl-b">
         <path>.\src\</path>
         <kind>object</kind>
         <file>dac7513.obj</file>
         <name>dac7513.obj</name>
      </input_file>
      <input_file id="fl-c">
         <path>.\src\</path>
         <kind>object</kind>
         <file>display.obj</file>
         <name>display.obj</name>
      </input_file>
      <input_file id="fl-d">
         <path>.\src\</path>
         <kind>object</kind>
         <file>drv_modbus.obj</file>
         <name>drv_modbus.obj</name>
      </input_file>
      <input_file id="fl-e">
         <path>.\src\</path>
         <kind>object</kind>
         <file>ds1305.obj</file>
         <name>ds1305.obj</name>
      </input_file>
      <input_file id="fl-f">
         <path>.\src\</path>
         <kind>object</kind>
         <file>ds3234.obj</file>
         <name>ds3234.obj</name>
      </input_file>
      <input_file id="fl-10">
         <path>.\src\</path>
         <kind>object</kind>
         <file>encoder.obj</file>
         <name>encoder.obj</name>
      </input_file>
      <input_file id="fl-11">
         <path>.\src\</path>
         <kind>object</kind>
         <file>im.obj</file>
         <name>im.obj</name>
      </input_file>
      <input_file id="fl-12">
         <path>.\src\</path>
         <kind>object</kind>
         <file>interface.obj</file>
         <name>interface.obj</name>
      </input_file>
      <input_file id="fl-13">
         <path>.\src\</path>
         <kind>object</kind>
         <file>menu2x.obj</file>
         <name>menu2x.obj</name>
      </input_file>
      <input_file id="fl-14">
         <path>.\src\</path>
         <kind>object</kind>
         <file>motor_control.obj</file>
         <name>motor_control.obj</name>
      </input_file>
      <input_file id="fl-15">
         <path>.\src\</path>
         <kind>object</kind>
         <file>protectionI2T.obj</file>
         <name>protectionI2T.obj</name>
      </input_file>
      <input_file id="fl-16">
         <path>.\src\</path>
         <kind>object</kind>
         <file>protections.obj</file>
         <name>protections.obj</name>
      </input_file>
      <input_file id="fl-17">
         <path>.\src\</path>
         <kind>object</kind>
         <file>pult.obj</file>
         <name>pult.obj</name>
      </input_file>
      <input_file id="fl-18">
         <path>.\src\</path>
         <kind>object</kind>
         <file>rim_devices.obj</file>
         <name>rim_devices.obj</name>
      </input_file>
      <input_file id="fl-19">
         <path>.\src\</path>
         <kind>object</kind>
         <file>rtc.obj</file>
         <name>rtc.obj</name>
      </input_file>
      <input_file id="fl-1a">
         <path>.\src\</path>
         <kind>object</kind>
         <file>serial_communication.obj</file>
         <name>serial_communication.obj</name>
      </input_file>
      <input_file id="fl-1b">
         <path>.\src\</path>
         <kind>object</kind>
         <file>table_tomzel_v1.obj</file>
         <name>table_tomzel_v1.obj</name>
      </input_file>
      <input_file id="fl-28">
         <path>C:\Users\SevastyanovDV\Desktop\Bur_1\lib\</path>
         <kind>archive</kind>
         <file>ApFilter1_v01.00.l28</file>
         <name>ApFilter1.obj</name>
      </input_file>
      <input_file id="fl-29">
         <path>C:\Users\SevastyanovDV\Desktop\Bur_1\lib\</path>
         <kind>archive</kind>
         <file>ApFilter3_v01.00.l28</file>
         <name>ApFilter3.obj</name>
      </input_file>
      <input_file id="fl-2a">
         <path>C:\Users\SevastyanovDV\Desktop\Bur_1\lib\</path>
         <kind>archive</kind>
         <file>Calibs_v01.02.l28</file>
         <name>Calibs.obj</name>
      </input_file>
      <input_file id="fl-2b">
         <path>C:\Users\SevastyanovDV\Desktop\Bur_1\lib\</path>
         <kind>archive</kind>
         <file>csl_v01.03.l280x</file>
         <name>csl_rtos.obj</name>
      </input_file>
      <input_file id="fl-2c">
         <path>C:\Users\SevastyanovDV\Desktop\Bur_1\lib\</path>
         <kind>archive</kind>
         <file>csl_v01.03.l280x</file>
         <name>csl_utils.obj</name>
      </input_file>
      <input_file id="fl-2d">
         <path>C:\Users\SevastyanovDV\Desktop\Bur_1\lib\</path>
         <kind>archive</kind>
         <file>csl_v01.03.l280x</file>
         <name>DSP280x_CpuTimers.obj</name>
      </input_file>
      <input_file id="fl-2e">
         <path>C:\Users\SevastyanovDV\Desktop\Bur_1\lib\</path>
         <kind>archive</kind>
         <file>csl_v01.03.l280x</file>
         <name>DSP280x_GlobalVariableDefs.obj</name>
      </input_file>
      <input_file id="fl-2f">
         <path>C:\Users\SevastyanovDV\Desktop\Bur_1\lib\</path>
         <kind>archive</kind>
         <file>csl_v01.03.l280x</file>
         <name>DSP280x_MemCopy.obj</name>
      </input_file>
      <input_file id="fl-30">
         <path>C:\Users\SevastyanovDV\Desktop\Bur_1\lib\</path>
         <kind>archive</kind>
         <file>csl_v01.03.l280x</file>
         <name>DSP280x_PieCtrl.obj</name>
      </input_file>
      <input_file id="fl-31">
         <path>C:\Users\SevastyanovDV\Desktop\Bur_1\lib\</path>
         <kind>archive</kind>
         <file>csl_v01.03.l280x</file>
         <name>DSP280x_PieVect.obj</name>
      </input_file>
      <input_file id="fl-32">
         <path>C:\Users\SevastyanovDV\Desktop\Bur_1\lib\</path>
         <kind>archive</kind>
         <file>csl_v01.03.l280x</file>
         <name>DSP280x_Sci.obj</name>
      </input_file>
      <input_file id="fl-33">
         <path>C:\Users\SevastyanovDV\Desktop\Bur_1\lib\</path>
         <kind>archive</kind>
         <file>csl_v01.03.l280x</file>
         <name>DSP280x_Spi.obj</name>
      </input_file>
      <input_file id="fl-34">
         <path>C:\Users\SevastyanovDV\Desktop\Bur_1\lib\</path>
         <kind>archive</kind>
         <file>csl_v01.03.l280x</file>
         <name>DSP280x_SysCtrl.obj</name>
      </input_file>
      <input_file id="fl-35">
         <path>C:\Users\SevastyanovDV\Desktop\Bur_1\lib\</path>
         <kind>archive</kind>
         <file>csl_v01.03.l280x</file>
         <name>DSP28xx_pfunc.obj</name>
      </input_file>
      <input_file id="fl-36">
         <path>C:\Users\SevastyanovDV\Desktop\Bur_1\lib\</path>
         <kind>archive</kind>
         <file>csl_v01.03.l280x</file>
         <name>DSP280x_DBGIER.obj</name>
      </input_file>
      <input_file id="fl-37">
         <path>C:\Users\SevastyanovDV\Desktop\Bur_1\lib\</path>
         <kind>archive</kind>
         <file>Inputs_v01.01.l28</file>
         <name>Inputs.obj</name>
      </input_file>
      <input_file id="fl-38">
         <path>C:\Users\SevastyanovDV\Desktop\Bur_1\lib\</path>
         <kind>archive</kind>
         <file>iqDMC_v01.02.l28</file>
         <name>ileg.obj</name>
      </input_file>
      <input_file id="fl-39">
         <path>C:\Users\SevastyanovDV\Desktop\Bur_1\lib\</path>
         <kind>archive</kind>
         <file>IQmath.l28</file>
         <name>IQ15div.obj</name>
      </input_file>
      <input_file id="fl-3a">
         <path>C:\Users\SevastyanovDV\Desktop\Bur_1\lib\</path>
         <kind>archive</kind>
         <file>IQmath.l28</file>
         <name>IQ15int.obj</name>
      </input_file>
      <input_file id="fl-3b">
         <path>C:\Users\SevastyanovDV\Desktop\Bur_1\lib\</path>
         <kind>archive</kind>
         <file>IQmath.l28</file>
         <name>IQ1div.obj</name>
      </input_file>
      <input_file id="fl-3c">
         <path>C:\Users\SevastyanovDV\Desktop\Bur_1\lib\</path>
         <kind>archive</kind>
         <file>IQmath.l28</file>
         <name>IQ22div.obj</name>
      </input_file>
      <input_file id="fl-3d">
         <path>C:\Users\SevastyanovDV\Desktop\Bur_1\lib\</path>
         <kind>archive</kind>
         <file>IQmath.l28</file>
         <name>IQ22rmpy.obj</name>
      </input_file>
      <input_file id="fl-3e">
         <path>C:\Users\SevastyanovDV\Desktop\Bur_1\lib\</path>
         <kind>archive</kind>
         <file>IQmath.l28</file>
         <name>IQ24div.obj</name>
      </input_file>
      <input_file id="fl-3f">
         <path>C:\Users\SevastyanovDV\Desktop\Bur_1\lib\</path>
         <kind>archive</kind>
         <file>IQmath.l28</file>
         <name>IQ24rmpy.obj</name>
      </input_file>
      <input_file id="fl-40">
         <path>C:\Users\SevastyanovDV\Desktop\Bur_1\lib\</path>
         <kind>archive</kind>
         <file>IQmath.l28</file>
         <name>IQ24sqrt.obj</name>
      </input_file>
      <input_file id="fl-41">
         <path>C:\Users\SevastyanovDV\Desktop\Bur_1\lib\</path>
         <kind>archive</kind>
         <file>IQmath.l28</file>
         <name>IQ25div.obj</name>
      </input_file>
      <input_file id="fl-42">
         <path>C:\Users\SevastyanovDV\Desktop\Bur_1\lib\</path>
         <kind>archive</kind>
         <file>IQmath.l28</file>
         <name>IQ25rmpy.obj</name>
      </input_file>
      <input_file id="fl-43">
         <path>C:\Users\SevastyanovDV\Desktop\Bur_1\lib\</path>
         <kind>archive</kind>
         <file>IQmath.l28</file>
         <name>IQ5rmpy.obj</name>
      </input_file>
      <input_file id="fl-44">
         <path>C:\Users\SevastyanovDV\Desktop\Bur_1\lib\</path>
         <kind>archive</kind>
         <file>IQmath.l28</file>
         <name>IQ7div.obj</name>
      </input_file>
      <input_file id="fl-45">
         <path>C:\Users\SevastyanovDV\Desktop\Bur_1\lib\</path>
         <kind>archive</kind>
         <file>IQmath.l28</file>
         <name>IQmathTables.obj</name>
      </input_file>
      <input_file id="fl-46">
         <path>C:\Users\SevastyanovDV\Desktop\Bur_1\lib\</path>
         <kind>archive</kind>
         <file>PrtCalc_v01.00.l28</file>
         <name>PrtCalc.obj</name>
      </input_file>
      <input_file id="fl-47">
         <path>C:\Users\SevastyanovDV\Desktop\Bur_1\lib\</path>
         <kind>archive</kind>
         <file>value_conv_v01.02.l28</file>
         <name>value_conv.obj</name>
      </input_file>
      <input_file id="fl-54">
         <path>c:\ti\ccsv6\tools\compiler\c2000_6.2.7\lib\</path>
         <kind>archive</kind>
         <file>rts2800_ml.lib</file>
         <name>boot.obj</name>
      </input_file>
      <input_file id="fl-55">
         <path>c:\ti\ccsv6\tools\compiler\c2000_6.2.7\lib\</path>
         <kind>archive</kind>
         <file>rts2800_ml.lib</file>
         <name>exit.obj</name>
      </input_file>
      <input_file id="fl-56">
         <path>c:\ti\ccsv6\tools\compiler\c2000_6.2.7\lib\</path>
         <kind>archive</kind>
         <file>rts2800_ml.lib</file>
         <name>fd_mpy.obj</name>
      </input_file>
      <input_file id="fl-57">
         <path>c:\ti\ccsv6\tools\compiler\c2000_6.2.7\lib\</path>
         <kind>archive</kind>
         <file>rts2800_ml.lib</file>
         <name>fd_tol.obj</name>
      </input_file>
      <input_file id="fl-58">
         <path>c:\ti\ccsv6\tools\compiler\c2000_6.2.7\lib\</path>
         <kind>archive</kind>
         <file>rts2800_ml.lib</file>
         <name>fs_cmp.obj</name>
      </input_file>
      <input_file id="fl-59">
         <path>c:\ti\ccsv6\tools\compiler\c2000_6.2.7\lib\</path>
         <kind>archive</kind>
         <file>rts2800_ml.lib</file>
         <name>i_div.obj</name>
      </input_file>
      <input_file id="fl-5a">
         <path>c:\ti\ccsv6\tools\compiler\c2000_6.2.7\lib\</path>
         <kind>archive</kind>
         <file>rts2800_ml.lib</file>
         <name>memcpy_ff.obj</name>
      </input_file>
      <input_file id="fl-5b">
         <path>c:\ti\ccsv6\tools\compiler\c2000_6.2.7\lib\</path>
         <kind>archive</kind>
         <file>rts2800_ml.lib</file>
         <name>memset.obj</name>
      </input_file>
      <input_file id="fl-5c">
         <path>c:\ti\ccsv6\tools\compiler\c2000_6.2.7\lib\</path>
         <kind>archive</kind>
         <file>rts2800_ml.lib</file>
         <name>strchr.obj</name>
      </input_file>
      <input_file id="fl-5d">
         <path>c:\ti\ccsv6\tools\compiler\c2000_6.2.7\lib\</path>
         <kind>archive</kind>
         <file>rts2800_ml.lib</file>
         <name>strcmp.obj</name>
      </input_file>
      <input_file id="fl-5e">
         <path>c:\ti\ccsv6\tools\compiler\c2000_6.2.7\lib\</path>
         <kind>archive</kind>
         <file>rts2800_ml.lib</file>
         <name>strcpy.obj</name>
      </input_file>
      <input_file id="fl-5f">
         <path>c:\ti\ccsv6\tools\compiler\c2000_6.2.7\lib\</path>
         <kind>archive</kind>
         <file>rts2800_ml.lib</file>
         <name>strlen.obj</name>
      </input_file>
      <input_file id="fl-60">
         <path>c:\ti\ccsv6\tools\compiler\c2000_6.2.7\lib\</path>
         <kind>archive</kind>
         <file>rts2800_ml.lib</file>
         <name>u_div.obj</name>
      </input_file>
      <input_file id="fl-61">
         <path>c:\ti\ccsv6\tools\compiler\c2000_6.2.7\lib\</path>
         <kind>archive</kind>
         <file>rts2800_ml.lib</file>
         <name>u_tofd.obj</name>
      </input_file>
      <input_file id="fl-62">
         <path>c:\ti\ccsv6\tools\compiler\c2000_6.2.7\lib\</path>
         <kind>archive</kind>
         <file>rts2800_ml.lib</file>
         <name>u_tofs.obj</name>
      </input_file>
      <input_file id="fl-63">
         <path>c:\ti\ccsv6\tools\compiler\c2000_6.2.7\lib\</path>
         <kind>archive</kind>
         <file>rts2800_ml.lib</file>
         <name>ul_tofs.obj</name>
      </input_file>
      <input_file id="fl-64">
         <path>c:\ti\ccsv6\tools\compiler\c2000_6.2.7\lib\</path>
         <kind>archive</kind>
         <file>rts2800_ml.lib</file>
         <name>_lock.obj</name>
      </input_file>
      <input_file id="fl-65">
         <path>c:\ti\ccsv6\tools\compiler\c2000_6.2.7\lib\</path>
         <kind>archive</kind>
         <file>rts2800_ml.lib</file>
         <name>args_main.obj</name>
      </input_file>
   </input_file_list>
   <object_component_list>
      <object_component id="oc-10e">
         <name>PieVectTableFile</name>
         <uninitialized>true</uninitialized>
         <run_address>0xd00</run_address>
         <size>0x100</size>
         <input_file_ref idref="fl-2e"/>
      </object_component>
      <object_component id="oc-10d">
         <name>DevEmuRegsFile</name>
         <uninitialized>true</uninitialized>
         <run_address>0x880</run_address>
         <size>0xd0</size>
         <input_file_ref idref="fl-2e"/>
      </object_component>
      <object_component id="oc-e6">
         <name>FlashRegsFile</name>
         <uninitialized>true</uninitialized>
         <run_address>0xa80</run_address>
         <size>0x8</size>
         <input_file_ref idref="fl-2e"/>
      </object_component>
      <object_component id="oc-ef">
         <name>CsmRegsFile</name>
         <uninitialized>true</uninitialized>
         <run_address>0xae0</run_address>
         <size>0x10</size>
         <input_file_ref idref="fl-2e"/>
      </object_component>
      <object_component id="oc-f0">
         <name>AdcMirrorFile</name>
         <uninitialized>true</uninitialized>
         <run_address>0xb00</run_address>
         <size>0x10</size>
         <input_file_ref idref="fl-2e"/>
      </object_component>
      <object_component id="oc-e7">
         <name>CpuTimer0RegsFile</name>
         <uninitialized>true</uninitialized>
         <run_address>0xc00</run_address>
         <size>0x8</size>
         <input_file_ref idref="fl-2e"/>
      </object_component>
      <object_component id="oc-e5">
         <name>CpuTimer1RegsFile</name>
         <uninitialized>true</uninitialized>
         <run_address>0xc08</run_address>
         <size>0x8</size>
         <input_file_ref idref="fl-2e"/>
      </object_component>
      <object_component id="oc-e4">
         <name>CpuTimer2RegsFile</name>
         <uninitialized>true</uninitialized>
         <run_address>0xc10</run_address>
         <size>0x8</size>
         <input_file_ref idref="fl-2e"/>
      </object_component>
      <object_component id="oc-f3">
         <name>PieCtrlRegsFile</name>
         <uninitialized>true</uninitialized>
         <run_address>0xce0</run_address>
         <size>0x1a</size>
         <input_file_ref idref="fl-2e"/>
      </object_component>
      <object_component id="oc-fa">
         <name>SysCtrlRegsFile</name>
         <uninitialized>true</uninitialized>
         <run_address>0x7010</run_address>
         <size>0x20</size>
         <input_file_ref idref="fl-2e"/>
      </object_component>
      <object_component id="oc-ed">
         <name>SpiaRegsFile</name>
         <uninitialized>true</uninitialized>
         <run_address>0x7040</run_address>
         <size>0x10</size>
         <input_file_ref idref="fl-2e"/>
      </object_component>
      <object_component id="oc-ee">
         <name>SciaRegsFile</name>
         <uninitialized>true</uninitialized>
         <run_address>0x7050</run_address>
         <size>0x10</size>
         <input_file_ref idref="fl-2e"/>
      </object_component>
      <object_component id="oc-f2">
         <name>XIntruptRegsFile</name>
         <uninitialized>true</uninitialized>
         <run_address>0x7070</run_address>
         <size>0x10</size>
         <input_file_ref idref="fl-2e"/>
      </object_component>
      <object_component id="oc-f4">
         <name>AdcRegsFile</name>
         <uninitialized>true</uninitialized>
         <run_address>0x7100</run_address>
         <size>0x1e</size>
         <input_file_ref idref="fl-2e"/>
      </object_component>
      <object_component id="oc-eb">
         <name>SpibRegsFile</name>
         <uninitialized>true</uninitialized>
         <run_address>0x7740</run_address>
         <size>0x10</size>
         <input_file_ref idref="fl-2e"/>
      </object_component>
      <object_component id="oc-ec">
         <name>ScibRegsFile</name>
         <uninitialized>true</uninitialized>
         <run_address>0x7750</run_address>
         <size>0x10</size>
         <input_file_ref idref="fl-2e"/>
      </object_component>
      <object_component id="oc-ea">
         <name>SpicRegsFile</name>
         <uninitialized>true</uninitialized>
         <run_address>0x7760</run_address>
         <size>0x10</size>
         <input_file_ref idref="fl-2e"/>
      </object_component>
      <object_component id="oc-f1">
         <name>SpidRegsFile</name>
         <uninitialized>true</uninitialized>
         <run_address>0x7780</run_address>
         <size>0x10</size>
         <input_file_ref idref="fl-2e"/>
      </object_component>
      <object_component id="oc-fb">
         <name>I2caRegsFile</name>
         <uninitialized>true</uninitialized>
         <run_address>0x7900</run_address>
         <size>0x22</size>
         <input_file_ref idref="fl-2e"/>
      </object_component>
      <object_component id="oc-102">
         <name>ECanaRegsFile</name>
         <uninitialized>true</uninitialized>
         <run_address>0x6000</run_address>
         <size>0x34</size>
         <input_file_ref idref="fl-2e"/>
      </object_component>
      <object_component id="oc-106">
         <name>ECanaLAMRegsFile</name>
         <uninitialized>true</uninitialized>
         <run_address>0x6040</run_address>
         <size>0x40</size>
         <input_file_ref idref="fl-2e"/>
      </object_component>
      <object_component id="oc-110">
         <name>ECanaMboxesFile</name>
         <uninitialized>true</uninitialized>
         <run_address>0x6100</run_address>
         <size>0x100</size>
         <input_file_ref idref="fl-2e"/>
      </object_component>
      <object_component id="oc-107">
         <name>ECanaMOTSRegsFile</name>
         <uninitialized>true</uninitialized>
         <run_address>0x6080</run_address>
         <size>0x40</size>
         <input_file_ref idref="fl-2e"/>
      </object_component>
      <object_component id="oc-105">
         <name>ECanaMOTORegsFile</name>
         <uninitialized>true</uninitialized>
         <run_address>0x60c0</run_address>
         <size>0x40</size>
         <input_file_ref idref="fl-2e"/>
      </object_component>
      <object_component id="oc-103">
         <name>ECanbRegsFile</name>
         <uninitialized>true</uninitialized>
         <run_address>0x6200</run_address>
         <size>0x34</size>
         <input_file_ref idref="fl-2e"/>
      </object_component>
      <object_component id="oc-104">
         <name>ECanbLAMRegsFile</name>
         <uninitialized>true</uninitialized>
         <run_address>0x6240</run_address>
         <size>0x40</size>
         <input_file_ref idref="fl-2e"/>
      </object_component>
      <object_component id="oc-10f">
         <name>ECanbMboxesFile</name>
         <uninitialized>true</uninitialized>
         <run_address>0x6300</run_address>
         <size>0x100</size>
         <input_file_ref idref="fl-2e"/>
      </object_component>
      <object_component id="oc-10b">
         <name>ECanbMOTSRegsFile</name>
         <uninitialized>true</uninitialized>
         <run_address>0x6280</run_address>
         <size>0x40</size>
         <input_file_ref idref="fl-2e"/>
      </object_component>
      <object_component id="oc-109">
         <name>ECanbMOTORegsFile</name>
         <uninitialized>true</uninitialized>
         <run_address>0x62c0</run_address>
         <size>0x40</size>
         <input_file_ref idref="fl-2e"/>
      </object_component>
      <object_component id="oc-fc">
         <name>EPwm1RegsFile</name>
         <uninitialized>true</uninitialized>
         <run_address>0x6800</run_address>
         <size>0x22</size>
         <input_file_ref idref="fl-2e"/>
      </object_component>
      <object_component id="oc-fd">
         <name>EPwm2RegsFile</name>
         <uninitialized>true</uninitialized>
         <run_address>0x6840</run_address>
         <size>0x22</size>
         <input_file_ref idref="fl-2e"/>
      </object_component>
      <object_component id="oc-fe">
         <name>EPwm3RegsFile</name>
         <uninitialized>true</uninitialized>
         <run_address>0x6880</run_address>
         <size>0x22</size>
         <input_file_ref idref="fl-2e"/>
      </object_component>
      <object_component id="oc-100">
         <name>EPwm4RegsFile</name>
         <uninitialized>true</uninitialized>
         <run_address>0x68c0</run_address>
         <size>0x22</size>
         <input_file_ref idref="fl-2e"/>
      </object_component>
      <object_component id="oc-ff">
         <name>EPwm5RegsFile</name>
         <uninitialized>true</uninitialized>
         <run_address>0x6900</run_address>
         <size>0x22</size>
         <input_file_ref idref="fl-2e"/>
      </object_component>
      <object_component id="oc-101">
         <name>EPwm6RegsFile</name>
         <uninitialized>true</uninitialized>
         <run_address>0x6940</run_address>
         <size>0x22</size>
         <input_file_ref idref="fl-2e"/>
      </object_component>
      <object_component id="oc-f8">
         <name>ECap1RegsFile</name>
         <uninitialized>true</uninitialized>
         <run_address>0x6a00</run_address>
         <size>0x20</size>
         <input_file_ref idref="fl-2e"/>
      </object_component>
      <object_component id="oc-f6">
         <name>ECap2RegsFile</name>
         <uninitialized>true</uninitialized>
         <run_address>0x6a20</run_address>
         <size>0x20</size>
         <input_file_ref idref="fl-2e"/>
      </object_component>
      <object_component id="oc-f7">
         <name>ECap3RegsFile</name>
         <uninitialized>true</uninitialized>
         <run_address>0x6a40</run_address>
         <size>0x20</size>
         <input_file_ref idref="fl-2e"/>
      </object_component>
      <object_component id="oc-f5">
         <name>ECap4RegsFile</name>
         <uninitialized>true</uninitialized>
         <run_address>0x6a60</run_address>
         <size>0x20</size>
         <input_file_ref idref="fl-2e"/>
      </object_component>
      <object_component id="oc-10a">
         <name>EQep1RegsFile</name>
         <uninitialized>true</uninitialized>
         <run_address>0x6b00</run_address>
         <size>0x40</size>
         <input_file_ref idref="fl-2e"/>
      </object_component>
      <object_component id="oc-10c">
         <name>EQep2RegsFile</name>
         <uninitialized>true</uninitialized>
         <run_address>0x6b40</run_address>
         <size>0x40</size>
         <input_file_ref idref="fl-2e"/>
      </object_component>
      <object_component id="oc-108">
         <name>GpioCtrlRegsFile</name>
         <uninitialized>true</uninitialized>
         <run_address>0x6f80</run_address>
         <size>0x40</size>
         <input_file_ref idref="fl-2e"/>
      </object_component>
      <object_component id="oc-f9">
         <name>GpioDataRegsFile</name>
         <uninitialized>true</uninitialized>
         <run_address>0x6fc0</run_address>
         <size>0x20</size>
         <input_file_ref idref="fl-2e"/>
      </object_component>
      <object_component id="oc-e9">
         <name>GpioIntRegsFile</name>
         <uninitialized>true</uninitialized>
         <run_address>0x6fe0</run_address>
         <size>0xa</size>
         <input_file_ref idref="fl-2e"/>
      </object_component>
      <object_component id="oc-e8">
         <name>CsmPwlFile</name>
         <uninitialized>true</uninitialized>
         <run_address>0x3f7ff8</run_address>
         <size>0x8</size>
         <input_file_ref idref="fl-2e"/>
      </object_component>
      <object_component id="oc-42">
         <name>.cinit</name>
         <load_address>0x3f35f0</load_address>
         <run_address>0x3f35f0</run_address>
         <size>0x5e0</size>
         <input_file_ref idref="fl-2"/>
      </object_component>
      <object_component id="oc-97">
         <name>.cinit</name>
         <load_address>0x3f3bd0</load_address>
         <run_address>0x3f3bd0</run_address>
         <size>0x2fb</size>
         <input_file_ref idref="fl-12"/>
      </object_component>
      <object_component id="oc-af">
         <name>.cinit</name>
         <load_address>0x3f3ecb</load_address>
         <run_address>0x3f3ecb</run_address>
         <size>0x1ec</size>
         <input_file_ref idref="fl-16"/>
      </object_component>
      <object_component id="oc-b9">
         <name>.cinit</name>
         <load_address>0x3f40b7</load_address>
         <run_address>0x3f40b7</run_address>
         <size>0x1e3</size>
         <input_file_ref idref="fl-18"/>
      </object_component>
      <object_component id="oc-a3">
         <name>.cinit</name>
         <load_address>0x3f429a</load_address>
         <run_address>0x3f429a</run_address>
         <size>0x15d</size>
         <input_file_ref idref="fl-14"/>
      </object_component>
      <object_component id="oc-75">
         <name>.cinit</name>
         <load_address>0x3f43f7</load_address>
         <run_address>0x3f43f7</run_address>
         <size>0xfd</size>
         <input_file_ref idref="fl-c"/>
      </object_component>
      <object_component id="oc-91">
         <name>.cinit</name>
         <load_address>0x3f44f4</load_address>
         <run_address>0x3f44f4</run_address>
         <size>0x3e</size>
         <input_file_ref idref="fl-11"/>
      </object_component>
      <object_component id="oc-c4">
         <name>.cinit</name>
         <load_address>0x3f4532</load_address>
         <run_address>0x3f4532</run_address>
         <size>0x35</size>
         <input_file_ref idref="fl-1a"/>
      </object_component>
      <object_component id="oc-8b">
         <name>.cinit</name>
         <load_address>0x3f4567</load_address>
         <run_address>0x3f4567</run_address>
         <size>0x18</size>
         <input_file_ref idref="fl-10"/>
      </object_component>
      <object_component id="oc-127">
         <name>.cinit</name>
         <load_address>0x3f457f</load_address>
         <run_address>0x3f457f</run_address>
         <size>0x16</size>
         <input_file_ref idref="fl-33"/>
      </object_component>
      <object_component id="oc-6a">
         <name>.cinit</name>
         <load_address>0x3f4595</load_address>
         <run_address>0x3f4595</run_address>
         <size>0x14</size>
         <input_file_ref idref="fl-a"/>
      </object_component>
      <object_component id="oc-7b">
         <name>.cinit</name>
         <load_address>0x3f45a9</load_address>
         <run_address>0x3f45a9</run_address>
         <size>0x12</size>
         <input_file_ref idref="fl-d"/>
      </object_component>
      <object_component id="oc-153">
         <name>.cinit</name>
         <load_address>0x3f45bb</load_address>
         <run_address>0x3f45bb</run_address>
         <size>0x10</size>
         <input_file_ref idref="fl-47"/>
      </object_component>
      <object_component id="oc-85">
         <name>.cinit</name>
         <load_address>0x3f45cb</load_address>
         <run_address>0x3f45cb</run_address>
         <size>0xc</size>
         <input_file_ref idref="fl-f"/>
      </object_component>
      <object_component id="oc-19c">
         <name>.cinit</name>
         <load_address>0x3f45d7</load_address>
         <run_address>0x3f45d7</run_address>
         <size>0xa</size>
         <input_file_ref idref="fl-64"/>
      </object_component>
      <object_component id="oc-15e">
         <name>.cinit</name>
         <load_address>0x3f45e1</load_address>
         <run_address>0x3f45e1</run_address>
         <size>0xa</size>
         <input_file_ref idref="fl-55"/>
      </object_component>
      <object_component id="oc-121">
         <name>.cinit</name>
         <load_address>0x3f45eb</load_address>
         <run_address>0x3f45eb</run_address>
         <size>0x7</size>
         <input_file_ref idref="fl-32"/>
      </object_component>
      <object_component id="oc-5a">
         <name>.cinit</name>
         <load_address>0x3f45f2</load_address>
         <run_address>0x3f45f2</run_address>
         <size>0x5</size>
         <input_file_ref idref="fl-7"/>
      </object_component>
      <object_component id="oc-64">
         <name>.cinit</name>
         <load_address>0x3f45f7</load_address>
         <run_address>0x3f45f7</run_address>
         <size>0x4</size>
         <input_file_ref idref="fl-9"/>
      </object_component>
      <object_component id="oc-9d">
         <name>.cinit</name>
         <load_address>0x3f45fb</load_address>
         <run_address>0x3f45fb</run_address>
         <size>0x4</size>
         <input_file_ref idref="fl-13"/>
      </object_component>
      <object_component id="oc-1a8">
         <name>.text</name>
         <load_address>0x3e8000</load_address>
         <run_address>0x3e8000</run_address>
         <size>0x12e8</size>
         <input_file_ref idref="fl-14"/>
      </object_component>
      <object_component id="oc-1b0">
         <name>.text</name>
         <load_address>0x3e92e8</load_address>
         <run_address>0x3e92e8</run_address>
         <size>0xdb7</size>
         <input_file_ref idref="fl-13"/>
      </object_component>
      <object_component id="oc-1ae">
         <name>.text</name>
         <load_address>0x3ea09f</load_address>
         <run_address>0x3ea09f</run_address>
         <size>0xd9f</size>
         <input_file_ref idref="fl-12"/>
      </object_component>
      <object_component id="oc-1a7">
         <name>.text</name>
         <load_address>0x3eae3e</load_address>
         <run_address>0x3eae3e</run_address>
         <size>0x76a</size>
         <input_file_ref idref="fl-16"/>
      </object_component>
      <object_component id="oc-1ab">
         <name>.text</name>
         <load_address>0x3eb5a8</load_address>
         <run_address>0x3eb5a8</run_address>
         <size>0x6f7</size>
         <input_file_ref idref="fl-18"/>
      </object_component>
      <object_component id="oc-1b4">
         <name>.text</name>
         <load_address>0x3ebc9f</load_address>
         <run_address>0x3ebc9f</run_address>
         <size>0x4ef</size>
         <input_file_ref idref="fl-11"/>
      </object_component>
      <object_component id="oc-1a9">
         <name>.text</name>
         <load_address>0x3ec18e</load_address>
         <run_address>0x3ec18e</run_address>
         <size>0x410</size>
         <input_file_ref idref="fl-d"/>
      </object_component>
      <object_component id="oc-1b5">
         <name>.text</name>
         <load_address>0x3ec59e</load_address>
         <run_address>0x3ec59e</run_address>
         <size>0x3c4</size>
         <input_file_ref idref="fl-7"/>
      </object_component>
      <object_component id="oc-d3">
         <name>.text</name>
         <load_address>0x3ec962</load_address>
         <run_address>0x3ec962</run_address>
         <size>0x317</size>
         <input_file_ref idref="fl-2a"/>
      </object_component>
      <object_component id="oc-1b3">
         <name>.text</name>
         <load_address>0x3ecc79</load_address>
         <run_address>0x3ecc79</run_address>
         <size>0x2b7</size>
         <input_file_ref idref="fl-a"/>
      </object_component>
      <object_component id="oc-1cb">
         <name>.text</name>
         <load_address>0x3ecf30</load_address>
         <run_address>0x3ecf30</run_address>
         <size>0x2b3</size>
         <input_file_ref idref="fl-5"/>
      </object_component>
      <object_component id="oc-ca">
         <name>.text</name>
         <load_address>0x3ed1e3</load_address>
         <run_address>0x3ed1e3</run_address>
         <size>0x258</size>
         <input_file_ref idref="fl-1b"/>
      </object_component>
      <object_component id="oc-152">
         <name>.text</name>
         <load_address>0x3ed43b</load_address>
         <run_address>0x3ed43b</run_address>
         <size>0x249</size>
         <input_file_ref idref="fl-47"/>
      </object_component>
      <object_component id="oc-1ac">
         <name>.text</name>
         <load_address>0x3ed684</load_address>
         <run_address>0x3ed684</run_address>
         <size>0x228</size>
         <input_file_ref idref="fl-c"/>
      </object_component>
      <object_component id="oc-1c0">
         <name>.text</name>
         <load_address>0x3ed8ac</load_address>
         <run_address>0x3ed8ac</run_address>
         <size>0x1f2</size>
         <input_file_ref idref="fl-9"/>
      </object_component>
      <object_component id="oc-1c1">
         <name>.text</name>
         <load_address>0x3eda9e</load_address>
         <run_address>0x3eda9e</run_address>
         <size>0x1af</size>
         <input_file_ref idref="fl-19"/>
      </object_component>
      <object_component id="oc-1b2">
         <name>.text</name>
         <load_address>0x3edc4d</load_address>
         <run_address>0x3edc4d</run_address>
         <size>0x15e</size>
         <input_file_ref idref="fl-f"/>
      </object_component>
      <object_component id="oc-1c2">
         <name>.text</name>
         <load_address>0x3eddab</load_address>
         <run_address>0x3eddab</run_address>
         <size>0x150</size>
         <input_file_ref idref="fl-6"/>
      </object_component>
      <object_component id="oc-139">
         <name>.text</name>
         <load_address>0x3edefb</load_address>
         <run_address>0x3edefb</run_address>
         <size>0x13c</size>
         <input_file_ref idref="fl-37"/>
      </object_component>
      <object_component id="oc-1ad">
         <name>.text</name>
         <load_address>0x3ee037</load_address>
         <run_address>0x3ee037</run_address>
         <size>0x117</size>
         <input_file_ref idref="fl-1a"/>
      </object_component>
      <object_component id="oc-126">
         <name>.text</name>
         <load_address>0x3ee14e</load_address>
         <run_address>0x3ee14e</run_address>
         <size>0xe3</size>
         <input_file_ref idref="fl-33"/>
      </object_component>
      <object_component id="oc-1aa">
         <name>.text</name>
         <load_address>0x3ee231</load_address>
         <run_address>0x3ee231</run_address>
         <size>0xdd</size>
         <input_file_ref idref="fl-17"/>
      </object_component>
      <object_component id="oc-13d">
         <name>.text</name>
         <load_address>0x3ee30e</load_address>
         <run_address>0x3ee30e</run_address>
         <size>0xcf</size>
         <input_file_ref idref="fl-38"/>
      </object_component>
      <object_component id="oc-d8">
         <name>.text</name>
         <load_address>0x3ee3dd</load_address>
         <run_address>0x3ee3dd</run_address>
         <size>0xb7</size>
         <input_file_ref idref="fl-2b"/>
      </object_component>
      <object_component id="oc-120">
         <name>.text</name>
         <load_address>0x3ee494</load_address>
         <run_address>0x3ee494</run_address>
         <size>0xb1</size>
         <input_file_ref idref="fl-32"/>
      </object_component>
      <object_component id="oc-44">
         <name>.text:retain</name>
         <load_address>0x3ee545</load_address>
         <run_address>0x3ee545</run_address>
         <size>0x9d</size>
         <input_file_ref idref="fl-2"/>
      </object_component>
      <object_component id="oc-1af">
         <name>.text</name>
         <load_address>0x3ee5e2</load_address>
         <run_address>0x3ee5e2</run_address>
         <size>0x9c</size>
         <input_file_ref idref="fl-10"/>
      </object_component>
      <object_component id="oc-1b6">
         <name>.text</name>
         <load_address>0x3ee67e</load_address>
         <run_address>0x3ee67e</run_address>
         <size>0x9b</size>
         <input_file_ref idref="fl-15"/>
      </object_component>
      <object_component id="oc-163">
         <name>.text</name>
         <load_address>0x3ee719</load_address>
         <run_address>0x3ee719</run_address>
         <size>0x83</size>
         <input_file_ref idref="fl-56"/>
      </object_component>
      <object_component id="oc-1b7">
         <name>.text</name>
         <load_address>0x3ee79c</load_address>
         <run_address>0x3ee79c</run_address>
         <size>0x7d</size>
         <input_file_ref idref="fl-b"/>
      </object_component>
      <object_component id="oc-1bd">
         <name>.text</name>
         <load_address>0x3ee819</load_address>
         <run_address>0x3ee819</run_address>
         <size>0x7a</size>
         <input_file_ref idref="fl-2"/>
      </object_component>
      <object_component id="oc-14e">
         <name>.text</name>
         <load_address>0x3ee893</load_address>
         <run_address>0x3ee893</run_address>
         <size>0x6e</size>
         <input_file_ref idref="fl-46"/>
      </object_component>
      <object_component id="oc-dc">
         <name>.text</name>
         <load_address>0x3ee901</load_address>
         <run_address>0x3ee901</run_address>
         <size>0x69</size>
         <input_file_ref idref="fl-2c"/>
      </object_component>
      <object_component id="oc-12c">
         <name>.text</name>
         <load_address>0x3ee96a</load_address>
         <run_address>0x3ee96a</run_address>
         <size>0x65</size>
         <input_file_ref idref="fl-34"/>
      </object_component>
      <object_component id="oc-cf">
         <name>.text</name>
         <load_address>0x3ee9cf</load_address>
         <run_address>0x3ee9cf</run_address>
         <size>0x60</size>
         <input_file_ref idref="fl-29"/>
      </object_component>
      <object_component id="oc-1b1">
         <name>.text</name>
         <load_address>0x3eea2f</load_address>
         <run_address>0x3eea2f</run_address>
         <size>0x44</size>
         <input_file_ref idref="fl-8"/>
      </object_component>
      <object_component id="oc-40">
         <name>.text</name>
         <load_address>0x3eea73</load_address>
         <run_address>0x3eea73</run_address>
         <size>0x44</size>
         <input_file_ref idref="fl-54"/>
      </object_component>
      <object_component id="oc-118">
         <name>.text</name>
         <load_address>0x3eeab7</load_address>
         <run_address>0x3eeab7</run_address>
         <size>0x32</size>
         <input_file_ref idref="fl-30"/>
      </object_component>
      <object_component id="oc-cb">
         <name>.text</name>
         <load_address>0x3eeae9</load_address>
         <run_address>0x3eeae9</run_address>
         <size>0x31</size>
         <input_file_ref idref="fl-28"/>
      </object_component>
      <object_component id="oc-16f">
         <name>.text</name>
         <load_address>0x3eeb1a</load_address>
         <run_address>0x3eeb1a</run_address>
         <size>0x22</size>
         <input_file_ref idref="fl-59"/>
      </object_component>
      <object_component id="oc-1be">
         <name>.text</name>
         <load_address>0x3eeb3c</load_address>
         <run_address>0x3eeb3c</run_address>
         <size>0x21</size>
         <input_file_ref idref="fl-5a"/>
      </object_component>
      <object_component id="oc-167">
         <name>.text</name>
         <load_address>0x3eeb5d</load_address>
         <run_address>0x3eeb5d</run_address>
         <size>0x1f</size>
         <input_file_ref idref="fl-57"/>
      </object_component>
      <object_component id="oc-131">
         <name>.text</name>
         <load_address>0x3eeb7c</load_address>
         <run_address>0x3eeb7c</run_address>
         <size>0x1d</size>
         <input_file_ref idref="fl-35"/>
      </object_component>
      <object_component id="oc-1a5">
         <name>.text</name>
         <load_address>0x3eeb99</load_address>
         <run_address>0x3eeb99</run_address>
         <size>0x19</size>
         <input_file_ref idref="fl-65"/>
      </object_component>
      <object_component id="oc-1a6">
         <name>.text</name>
         <load_address>0x3eebb2</load_address>
         <run_address>0x3eebb2</run_address>
         <size>0x19</size>
         <input_file_ref idref="fl-55"/>
      </object_component>
      <object_component id="oc-16b">
         <name>.text</name>
         <load_address>0x3eebcb</load_address>
         <run_address>0x3eebcb</run_address>
         <size>0x17</size>
         <input_file_ref idref="fl-58"/>
      </object_component>
      <object_component id="oc-18f">
         <name>.text</name>
         <load_address>0x3eebe2</load_address>
         <run_address>0x3eebe2</run_address>
         <size>0x17</size>
         <input_file_ref idref="fl-61"/>
      </object_component>
      <object_component id="oc-11c">
         <name>.text</name>
         <load_address>0x3eebf9</load_address>
         <run_address>0x3eebf9</run_address>
         <size>0x16</size>
         <input_file_ref idref="fl-31"/>
      </object_component>
      <object_component id="oc-197">
         <name>.text</name>
         <load_address>0x3eec0f</load_address>
         <run_address>0x3eec0f</run_address>
         <size>0x13</size>
         <input_file_ref idref="fl-63"/>
      </object_component>
      <object_component id="oc-4d">
         <name>.text</name>
         <load_address>0x3eec22</load_address>
         <run_address>0x3eec22</run_address>
         <size>0x10</size>
         <input_file_ref idref="fl-4"/>
      </object_component>
      <object_component id="oc-114">
         <name>.text</name>
         <load_address>0x3eec32</load_address>
         <run_address>0x3eec32</run_address>
         <size>0x10</size>
         <input_file_ref idref="fl-2f"/>
      </object_component>
      <object_component id="oc-193">
         <name>.text</name>
         <load_address>0x3eec42</load_address>
         <run_address>0x3eec42</run_address>
         <size>0x10</size>
         <input_file_ref idref="fl-62"/>
      </object_component>
      <object_component id="oc-e0">
         <name>.text</name>
         <load_address>0x3eec52</load_address>
         <run_address>0x3eec52</run_address>
         <size>0xf</size>
         <input_file_ref idref="fl-2d"/>
      </object_component>
      <object_component id="oc-1bb">
         <name>.text</name>
         <load_address>0x3eec61</load_address>
         <run_address>0x3eec61</run_address>
         <size>0xd</size>
         <input_file_ref idref="fl-5b"/>
      </object_component>
      <object_component id="oc-1c8">
         <name>.text</name>
         <load_address>0x3eec6e</load_address>
         <run_address>0x3eec6e</run_address>
         <size>0xb</size>
         <input_file_ref idref="fl-5c"/>
      </object_component>
      <object_component id="oc-18b">
         <name>.text</name>
         <load_address>0x3eec79</load_address>
         <run_address>0x3eec79</run_address>
         <size>0xb</size>
         <input_file_ref idref="fl-60"/>
      </object_component>
      <object_component id="oc-1c6">
         <name>.text</name>
         <load_address>0x3eec84</load_address>
         <run_address>0x3eec84</run_address>
         <size>0xa</size>
         <input_file_ref idref="fl-5d"/>
      </object_component>
      <object_component id="oc-1bc">
         <name>.text</name>
         <load_address>0x3eec8e</load_address>
         <run_address>0x3eec8e</run_address>
         <size>0x9</size>
         <input_file_ref idref="fl-64"/>
      </object_component>
      <object_component id="oc-48">
         <name>.text</name>
         <load_address>0x3eec97</load_address>
         <run_address>0x3eec97</run_address>
         <size>0x8</size>
         <input_file_ref idref="fl-3"/>
      </object_component>
      <object_component id="oc-1c5">
         <name>.text</name>
         <load_address>0x3eec9f</load_address>
         <run_address>0x3eec9f</run_address>
         <size>0x8</size>
         <input_file_ref idref="fl-5f"/>
      </object_component>
      <object_component id="oc-1bf">
         <name>.text</name>
         <load_address>0x3eeca7</load_address>
         <run_address>0x3eeca7</run_address>
         <size>0x5</size>
         <input_file_ref idref="fl-5e"/>
      </object_component>
      <object_component id="oc-135">
         <name>.text</name>
         <load_address>0x3eecac</load_address>
         <run_address>0x3eecac</run_address>
         <size>0x3</size>
         <input_file_ref idref="fl-36"/>
      </object_component>
      <object_component id="oc-49">
         <name>codestart</name>
         <load_address>0x3f7ff6</load_address>
         <run_address>0x3f7ff6</run_address>
         <size>0x2</size>
         <input_file_ref idref="fl-3"/>
      </object_component>
      <object_component id="oc-12d">
         <name>secureRamFuncs</name>
         <load_address>0x3f482b</load_address>
         <run_address>0x480</run_address>
         <size>0x1f</size>
         <input_file_ref idref="fl-34"/>
      </object_component>
      <object_component id="oc-158">
         <name>.stack</name>
         <uninitialized>true</uninitialized>
         <run_address>0x0</run_address>
         <size>0x0</size>
         <input_file_ref idref="fl-54"/>
      </object_component>
      <object_component id="oc-213">
         <name>.stack</name>
         <uninitialized>true</uninitialized>
         <run_address>0x0</run_address>
         <size>0x0</size>
      </object_component>
      <object_component id="oc-43">
         <name>.ebss</name>
         <uninitialized>true</uninitialized>
         <run_address>0x8700</run_address>
         <size>0x6d6</size>
         <input_file_ref idref="fl-2"/>
      </object_component>
      <object_component id="oc-5b">
         <name>.ebss</name>
         <uninitialized>true</uninitialized>
         <run_address>0x86fe</run_address>
         <size>0x2</size>
         <input_file_ref idref="fl-7"/>
      </object_component>
      <object_component id="oc-65">
         <name>.ebss</name>
         <uninitialized>true</uninitialized>
         <run_address>0x8ddb</run_address>
         <size>0x1</size>
         <input_file_ref idref="fl-9"/>
      </object_component>
      <object_component id="oc-6b">
         <name>.ebss</name>
         <uninitialized>true</uninitialized>
         <run_address>0x8dd6</run_address>
         <size>0x5</size>
         <input_file_ref idref="fl-a"/>
      </object_component>
      <object_component id="oc-76">
         <name>.ebss</name>
         <uninitialized>true</uninitialized>
         <run_address>0x9880</run_address>
         <size>0x170</size>
         <input_file_ref idref="fl-c"/>
      </object_component>
      <object_component id="oc-7c">
         <name>.ebss</name>
         <uninitialized>true</uninitialized>
         <run_address>0x9500</run_address>
         <size>0x200</size>
         <input_file_ref idref="fl-d"/>
      </object_component>
      <object_component id="oc-86">
         <name>.ebss</name>
         <uninitialized>true</uninitialized>
         <run_address>0x8dec</run_address>
         <size>0x3</size>
         <input_file_ref idref="fl-f"/>
      </object_component>
      <object_component id="oc-8c">
         <name>.ebss</name>
         <uninitialized>true</uninitialized>
         <run_address>0x86f8</run_address>
         <size>0x6</size>
         <input_file_ref idref="fl-10"/>
      </object_component>
      <object_component id="oc-92">
         <name>.ebss</name>
         <uninitialized>true</uninitialized>
         <run_address>0x94c6</run_address>
         <size>0x2c</size>
         <input_file_ref idref="fl-11"/>
      </object_component>
      <object_component id="oc-98">
         <name>.ebss</name>
         <uninitialized>true</uninitialized>
         <run_address>0x8000</run_address>
         <size>0x6d8</size>
         <input_file_ref idref="fl-12"/>
      </object_component>
      <object_component id="oc-9e">
         <name>.ebss</name>
         <uninitialized>true</uninitialized>
         <run_address>0x8def</run_address>
         <size>0x1</size>
         <input_file_ref idref="fl-13"/>
      </object_component>
      <object_component id="oc-a4">
         <name>.ebss</name>
         <uninitialized>true</uninitialized>
         <run_address>0x8e00</run_address>
         <size>0x4c0</size>
         <input_file_ref idref="fl-14"/>
      </object_component>
      <object_component id="oc-a9">
         <name>.ebss</name>
         <uninitialized>true</uninitialized>
         <run_address>0x86e8</run_address>
         <size>0x10</size>
         <input_file_ref idref="fl-15"/>
      </object_component>
      <object_component id="oc-b0">
         <name>.ebss</name>
         <uninitialized>true</uninitialized>
         <run_address>0x9700</run_address>
         <size>0x180</size>
         <input_file_ref idref="fl-16"/>
      </object_component>
      <object_component id="oc-ba">
         <name>.ebss</name>
         <uninitialized>true</uninitialized>
         <run_address>0x92c0</run_address>
         <size>0x206</size>
         <input_file_ref idref="fl-18"/>
      </object_component>
      <object_component id="oc-c5">
         <name>.ebss</name>
         <uninitialized>true</uninitialized>
         <run_address>0x9a00</run_address>
         <size>0x64</size>
         <input_file_ref idref="fl-1a"/>
      </object_component>
      <object_component id="oc-122">
         <name>.ebss</name>
         <uninitialized>true</uninitialized>
         <run_address>0x8ddc</run_address>
         <size>0x4</size>
         <input_file_ref idref="fl-32"/>
      </object_component>
      <object_component id="oc-128">
         <name>.ebss</name>
         <uninitialized>true</uninitialized>
         <run_address>0x86d8</run_address>
         <size>0x10</size>
         <input_file_ref idref="fl-33"/>
      </object_component>
      <object_component id="oc-154">
         <name>.ebss</name>
         <uninitialized>true</uninitialized>
         <run_address>0x8de8</run_address>
         <size>0x4</size>
         <input_file_ref idref="fl-47"/>
      </object_component>
      <object_component id="oc-15f">
         <name>.ebss</name>
         <uninitialized>true</uninitialized>
         <run_address>0x8de4</run_address>
         <size>0x4</size>
         <input_file_ref idref="fl-55"/>
      </object_component>
      <object_component id="oc-19d">
         <name>.ebss</name>
         <uninitialized>true</uninitialized>
         <run_address>0x8de0</run_address>
         <size>0x4</size>
         <input_file_ref idref="fl-64"/>
      </object_component>
      <object_component id="oc-1b9">
         <name>.econst:_params</name>
         <load_address>0x3eecb0</load_address>
         <run_address>0x3eecb0</run_address>
         <size>0x2c40</size>
         <input_file_ref idref="fl-12"/>
      </object_component>
      <object_component id="oc-1ba">
         <name>.econst:_values</name>
         <load_address>0x3f18f0</load_address>
         <run_address>0x3f18f0</run_address>
         <size>0xf60</size>
         <input_file_ref idref="fl-12"/>
      </object_component>
      <object_component id="oc-1ca">
         <name>.econst:_ElemNames</name>
         <load_address>0x3f2850</load_address>
         <run_address>0x3f2850</run_address>
         <size>0x9ee</size>
         <input_file_ref idref="fl-2"/>
      </object_component>
      <object_component id="oc-1c3">
         <name>.econst:_AddStr</name>
         <load_address>0x3f323e</load_address>
         <run_address>0x3f323e</run_address>
         <size>0x200</size>
         <input_file_ref idref="fl-12"/>
      </object_component>
      <object_component id="oc-1b8">
         <name>.econst:_groups</name>
         <load_address>0x3f343e</load_address>
         <run_address>0x3f343e</run_address>
         <size>0xaa</size>
         <input_file_ref idref="fl-12"/>
      </object_component>
      <object_component id="oc-6c">
         <name>.econst:.string</name>
         <load_address>0x3f34e8</load_address>
         <run_address>0x3f34e8</run_address>
         <size>0x7d</size>
         <input_file_ref idref="fl-a"/>
      </object_component>
      <object_component id="oc-bb">
         <name>.econst:.string</name>
         <load_address>0x3f3566</load_address>
         <run_address>0x3f3566</run_address>
         <size>0x7d</size>
         <input_file_ref idref="fl-18"/>
      </object_component>
      <object_component id="oc-c6">
         <name>.econst:.string</name>
         <load_address>0x3f35e4</load_address>
         <run_address>0x3f35e4</run_address>
         <size>0x7</size>
         <input_file_ref idref="fl-1a"/>
      </object_component>
      <object_component id="oc-aa">
         <name>.econst</name>
         <load_address>0x3f35ec</load_address>
         <run_address>0x3f35ec</run_address>
         <size>0x4</size>
         <input_file_ref idref="fl-15"/>
      </object_component>
      <object_component id="oc-1c4">
         <name>.switch:_ExpressState</name>
         <load_address>0x3f484a</load_address>
         <run_address>0x3f484a</run_address>
         <size>0x46</size>
         <input_file_ref idref="fl-13"/>
      </object_component>
      <object_component id="oc-1c7">
         <name>.switch:_ShowExpress</name>
         <load_address>0x3f4890</load_address>
         <run_address>0x3f4890</run_address>
         <size>0x46</size>
         <input_file_ref idref="fl-13"/>
      </object_component>
      <object_component id="oc-1c9">
         <name>.switch:_DownloadFunc</name>
         <load_address>0x3f48d6</load_address>
         <run_address>0x3f48d6</run_address>
         <size>0x18</size>
         <input_file_ref idref="fl-11"/>
      </object_component>
      <object_component id="oc-141">
         <name>IQmath</name>
         <load_address>0x3f4601</load_address>
         <run_address>0x3f4601</run_address>
         <size>0x47</size>
         <input_file_ref idref="fl-39"/>
      </object_component>
      <object_component id="oc-143">
         <name>IQmath</name>
         <load_address>0x3f4648</load_address>
         <run_address>0x3f4648</run_address>
         <size>0x47</size>
         <input_file_ref idref="fl-3b"/>
      </object_component>
      <object_component id="oc-144">
         <name>IQmath</name>
         <load_address>0x3f468f</load_address>
         <run_address>0x3f468f</run_address>
         <size>0x47</size>
         <input_file_ref idref="fl-3c"/>
      </object_component>
      <object_component id="oc-146">
         <name>IQmath</name>
         <load_address>0x3f46d6</load_address>
         <run_address>0x3f46d6</run_address>
         <size>0x47</size>
         <input_file_ref idref="fl-3e"/>
      </object_component>
      <object_component id="oc-149">
         <name>IQmath</name>
         <load_address>0x3f471d</load_address>
         <run_address>0x3f471d</run_address>
         <size>0x47</size>
         <input_file_ref idref="fl-41"/>
      </object_component>
      <object_component id="oc-14c">
         <name>IQmath</name>
         <load_address>0x3f4764</load_address>
         <run_address>0x3f4764</run_address>
         <size>0x47</size>
         <input_file_ref idref="fl-44"/>
      </object_component>
      <object_component id="oc-148">
         <name>IQmath</name>
         <load_address>0x3f47ab</load_address>
         <run_address>0x3f47ab</run_address>
         <size>0x42</size>
         <input_file_ref idref="fl-40"/>
      </object_component>
      <object_component id="oc-14b">
         <name>IQmath</name>
         <load_address>0x3f47ed</load_address>
         <run_address>0x3f47ed</run_address>
         <size>0xe</size>
         <input_file_ref idref="fl-43"/>
      </object_component>
      <object_component id="oc-145">
         <name>IQmath</name>
         <load_address>0x3f47fb</load_address>
         <run_address>0x3f47fb</run_address>
         <size>0xd</size>
         <input_file_ref idref="fl-3d"/>
      </object_component>
      <object_component id="oc-147">
         <name>IQmath</name>
         <load_address>0x3f4808</load_address>
         <run_address>0x3f4808</run_address>
         <size>0xd</size>
         <input_file_ref idref="fl-3f"/>
      </object_component>
      <object_component id="oc-14a">
         <name>IQmath</name>
         <load_address>0x3f4815</load_address>
         <run_address>0x3f4815</run_address>
         <size>0xd</size>
         <input_file_ref idref="fl-42"/>
      </object_component>
      <object_component id="oc-142">
         <name>IQmath</name>
         <load_address>0x3f4822</load_address>
         <run_address>0x3f4822</run_address>
         <size>0x9</size>
         <input_file_ref idref="fl-3a"/>
      </object_component>
      <object_component id="oc-14d">
         <name>IQmathTables</name>
         <load_address>0x3ff000</load_address>
         <run_address>0x3ff000</run_address>
         <size>0xb50</size>
         <input_file_ref idref="fl-45"/>
      </object_component>
      <object_component id="oc-159">
         <name>.reset</name>
         <load_address>0x3fffc0</load_address>
         <run_address>0x3fffc0</run_address>
         <size>0x2</size>
         <input_file_ref idref="fl-54"/>
      </object_component>
      <object_component id="oc-41">
         <name>.debug_info</name>
         <load_address>0x0</load_address>
         <run_address>0x0</run_address>
         <size>0x66f0</size>
         <input_file_ref idref="fl-2"/>
      </object_component>
      <object_component id="oc-4a">
         <name>.debug_info</name>
         <load_address>0x66f0</load_address>
         <run_address>0x66f0</run_address>
         <size>0x125</size>
         <input_file_ref idref="fl-3"/>
      </object_component>
      <object_component id="oc-4e">
         <name>.debug_info</name>
         <load_address>0x6815</load_address>
         <run_address>0x6815</run_address>
         <size>0xe4</size>
         <input_file_ref idref="fl-4"/>
      </object_component>
      <object_component id="oc-51">
         <name>.debug_info</name>
         <load_address>0x68f9</load_address>
         <run_address>0x68f9</run_address>
         <size>0x63ea</size>
         <input_file_ref idref="fl-5"/>
      </object_component>
      <object_component id="oc-55">
         <name>.debug_info</name>
         <load_address>0xcce3</load_address>
         <run_address>0xcce3</run_address>
         <size>0x9fc</size>
         <input_file_ref idref="fl-6"/>
      </object_component>
      <object_component id="oc-59">
         <name>.debug_info</name>
         <load_address>0xd6df</load_address>
         <run_address>0xd6df</run_address>
         <size>0x19a2</size>
         <input_file_ref idref="fl-7"/>
      </object_component>
      <object_component id="oc-5f">
         <name>.debug_info</name>
         <load_address>0xf081</load_address>
         <run_address>0xf081</run_address>
         <size>0x4e2</size>
         <input_file_ref idref="fl-8"/>
      </object_component>
      <object_component id="oc-63">
         <name>.debug_info</name>
         <load_address>0xf563</load_address>
         <run_address>0xf563</run_address>
         <size>0xc27</size>
         <input_file_ref idref="fl-9"/>
      </object_component>
      <object_component id="oc-69">
         <name>.debug_info</name>
         <load_address>0x1018a</load_address>
         <run_address>0x1018a</run_address>
         <size>0x128f</size>
         <input_file_ref idref="fl-a"/>
      </object_component>
      <object_component id="oc-70">
         <name>.debug_info</name>
         <load_address>0x11419</load_address>
         <run_address>0x11419</run_address>
         <size>0x52c</size>
         <input_file_ref idref="fl-b"/>
      </object_component>
      <object_component id="oc-74">
         <name>.debug_info</name>
         <load_address>0x11945</load_address>
         <run_address>0x11945</run_address>
         <size>0xdd8</size>
         <input_file_ref idref="fl-c"/>
      </object_component>
      <object_component id="oc-7a">
         <name>.debug_info</name>
         <load_address>0x1271d</load_address>
         <run_address>0x1271d</run_address>
         <size>0x6e74</size>
         <input_file_ref idref="fl-d"/>
      </object_component>
      <object_component id="oc-80">
         <name>.debug_info</name>
         <load_address>0x19591</load_address>
         <run_address>0x19591</run_address>
         <size>0x448</size>
         <input_file_ref idref="fl-e"/>
      </object_component>
      <object_component id="oc-84">
         <name>.debug_info</name>
         <load_address>0x199d9</load_address>
         <run_address>0x199d9</run_address>
         <size>0xb0c</size>
         <input_file_ref idref="fl-f"/>
      </object_component>
      <object_component id="oc-8a">
         <name>.debug_info</name>
         <load_address>0x1a4e5</load_address>
         <run_address>0x1a4e5</run_address>
         <size>0x76f</size>
         <input_file_ref idref="fl-10"/>
      </object_component>
      <object_component id="oc-90">
         <name>.debug_info</name>
         <load_address>0x1ac54</load_address>
         <run_address>0x1ac54</run_address>
         <size>0x2223</size>
         <input_file_ref idref="fl-11"/>
      </object_component>
      <object_component id="oc-96">
         <name>.debug_info</name>
         <load_address>0x1ce77</load_address>
         <run_address>0x1ce77</run_address>
         <size>0x9a40</size>
         <input_file_ref idref="fl-12"/>
      </object_component>
      <object_component id="oc-9c">
         <name>.debug_info</name>
         <load_address>0x268b7</load_address>
         <run_address>0x268b7</run_address>
         <size>0x2afe</size>
         <input_file_ref idref="fl-13"/>
      </object_component>
      <object_component id="oc-a2">
         <name>.debug_info</name>
         <load_address>0x293b5</load_address>
         <run_address>0x293b5</run_address>
         <size>0xa9a1</size>
         <input_file_ref idref="fl-14"/>
      </object_component>
      <object_component id="oc-a8">
         <name>.debug_info</name>
         <load_address>0x33d56</load_address>
         <run_address>0x33d56</run_address>
         <size>0x651</size>
         <input_file_ref idref="fl-15"/>
      </object_component>
      <object_component id="oc-ae">
         <name>.debug_info</name>
         <load_address>0x343a7</load_address>
         <run_address>0x343a7</run_address>
         <size>0x7217</size>
         <input_file_ref idref="fl-16"/>
      </object_component>
      <object_component id="oc-b4">
         <name>.debug_info</name>
         <load_address>0x3b5be</load_address>
         <run_address>0x3b5be</run_address>
         <size>0xc8b</size>
         <input_file_ref idref="fl-17"/>
      </object_component>
      <object_component id="oc-b8">
         <name>.debug_info</name>
         <load_address>0x3c249</load_address>
         <run_address>0x3c249</run_address>
         <size>0x7f4f</size>
         <input_file_ref idref="fl-18"/>
      </object_component>
      <object_component id="oc-bf">
         <name>.debug_info</name>
         <load_address>0x44198</load_address>
         <run_address>0x44198</run_address>
         <size>0xa6e</size>
         <input_file_ref idref="fl-19"/>
      </object_component>
      <object_component id="oc-c3">
         <name>.debug_info</name>
         <load_address>0x44c06</load_address>
         <run_address>0x44c06</run_address>
         <size>0x2d49</size>
         <input_file_ref idref="fl-1a"/>
      </object_component>
      <object_component id="oc-cd">
         <name>.debug_info</name>
         <load_address>0x4794f</load_address>
         <run_address>0x4794f</run_address>
         <size>0x420</size>
         <input_file_ref idref="fl-28"/>
      </object_component>
      <object_component id="oc-d1">
         <name>.debug_info</name>
         <load_address>0x47d6f</load_address>
         <run_address>0x47d6f</run_address>
         <size>0x48c</size>
         <input_file_ref idref="fl-29"/>
      </object_component>
      <object_component id="oc-d5">
         <name>.debug_info</name>
         <load_address>0x481fb</load_address>
         <run_address>0x481fb</run_address>
         <size>0xd0b</size>
         <input_file_ref idref="fl-2a"/>
      </object_component>
      <object_component id="oc-da">
         <name>.debug_info</name>
         <load_address>0x48f06</load_address>
         <run_address>0x48f06</run_address>
         <size>0x886</size>
         <input_file_ref idref="fl-2b"/>
      </object_component>
      <object_component id="oc-de">
         <name>.debug_info</name>
         <load_address>0x4978c</load_address>
         <run_address>0x4978c</run_address>
         <size>0x68c</size>
         <input_file_ref idref="fl-2c"/>
      </object_component>
      <object_component id="oc-e2">
         <name>.debug_info</name>
         <load_address>0x49e18</load_address>
         <run_address>0x49e18</run_address>
         <size>0x5b4</size>
         <input_file_ref idref="fl-2d"/>
      </object_component>
      <object_component id="oc-112">
         <name>.debug_info</name>
         <load_address>0x4a3cc</load_address>
         <run_address>0x4a3cc</run_address>
         <size>0xe0cc</size>
         <input_file_ref idref="fl-2e"/>
      </object_component>
      <object_component id="oc-116">
         <name>.debug_info</name>
         <load_address>0x58498</load_address>
         <run_address>0x58498</run_address>
         <size>0x2d3</size>
         <input_file_ref idref="fl-2f"/>
      </object_component>
      <object_component id="oc-11a">
         <name>.debug_info</name>
         <load_address>0x5876b</load_address>
         <run_address>0x5876b</run_address>
         <size>0x13c4</size>
         <input_file_ref idref="fl-30"/>
      </object_component>
      <object_component id="oc-11e">
         <name>.debug_info</name>
         <load_address>0x59b2f</load_address>
         <run_address>0x59b2f</run_address>
         <size>0x18ac</size>
         <input_file_ref idref="fl-31"/>
      </object_component>
      <object_component id="oc-124">
         <name>.debug_info</name>
         <load_address>0x5b3db</load_address>
         <run_address>0x5b3db</run_address>
         <size>0x1e2f</size>
         <input_file_ref idref="fl-32"/>
      </object_component>
      <object_component id="oc-12a">
         <name>.debug_info</name>
         <load_address>0x5d20a</load_address>
         <run_address>0x5d20a</run_address>
         <size>0x1c07</size>
         <input_file_ref idref="fl-33"/>
      </object_component>
      <object_component id="oc-12f">
         <name>.debug_info</name>
         <load_address>0x5ee11</load_address>
         <run_address>0x5ee11</run_address>
         <size>0x177b</size>
         <input_file_ref idref="fl-34"/>
      </object_component>
      <object_component id="oc-133">
         <name>.debug_info</name>
         <load_address>0x6058c</load_address>
         <run_address>0x6058c</run_address>
         <size>0xc8</size>
         <input_file_ref idref="fl-35"/>
      </object_component>
      <object_component id="oc-137">
         <name>.debug_info</name>
         <load_address>0x60654</load_address>
         <run_address>0x60654</run_address>
         <size>0xac</size>
         <input_file_ref idref="fl-36"/>
      </object_component>
      <object_component id="oc-13b">
         <name>.debug_info</name>
         <load_address>0x60700</load_address>
         <run_address>0x60700</run_address>
         <size>0x97b</size>
         <input_file_ref idref="fl-37"/>
      </object_component>
      <object_component id="oc-13f">
         <name>.debug_info</name>
         <load_address>0x6107b</load_address>
         <run_address>0x6107b</run_address>
         <size>0x641</size>
         <input_file_ref idref="fl-38"/>
      </object_component>
      <object_component id="oc-150">
         <name>.debug_info</name>
         <load_address>0x616bc</load_address>
         <run_address>0x616bc</run_address>
         <size>0x393</size>
         <input_file_ref idref="fl-46"/>
      </object_component>
      <object_component id="oc-156">
         <name>.debug_info</name>
         <load_address>0x61a4f</load_address>
         <run_address>0x61a4f</run_address>
         <size>0xdb0</size>
         <input_file_ref idref="fl-47"/>
      </object_component>
      <object_component id="oc-15a">
         <name>.debug_info</name>
         <load_address>0x627ff</load_address>
         <run_address>0x627ff</run_address>
         <size>0xde</size>
         <input_file_ref idref="fl-54"/>
      </object_component>
      <object_component id="oc-15d">
         <name>.debug_info</name>
         <load_address>0x628dd</load_address>
         <run_address>0x628dd</run_address>
         <size>0x3d6</size>
         <input_file_ref idref="fl-55"/>
      </object_component>
      <object_component id="oc-164">
         <name>.debug_info</name>
         <load_address>0x62cb3</load_address>
         <run_address>0x62cb3</run_address>
         <size>0xc0</size>
         <input_file_ref idref="fl-56"/>
      </object_component>
      <object_component id="oc-168">
         <name>.debug_info</name>
         <load_address>0x62d73</load_address>
         <run_address>0x62d73</run_address>
         <size>0xc0</size>
         <input_file_ref idref="fl-57"/>
      </object_component>
      <object_component id="oc-16c">
         <name>.debug_info</name>
         <load_address>0x62e33</load_address>
         <run_address>0x62e33</run_address>
         <size>0xc0</size>
         <input_file_ref idref="fl-58"/>
      </object_component>
      <object_component id="oc-170">
         <name>.debug_info</name>
         <load_address>0x62ef3</load_address>
         <run_address>0x62ef3</run_address>
         <size>0xeb</size>
         <input_file_ref idref="fl-59"/>
      </object_component>
      <object_component id="oc-173">
         <name>.debug_info</name>
         <load_address>0x62fde</load_address>
         <run_address>0x62fde</run_address>
         <size>0x3a3</size>
         <input_file_ref idref="fl-5a"/>
      </object_component>
      <object_component id="oc-177">
         <name>.debug_info</name>
         <load_address>0x63381</load_address>
         <run_address>0x63381</run_address>
         <size>0x39a</size>
         <input_file_ref idref="fl-5b"/>
      </object_component>
      <object_component id="oc-17b">
         <name>.debug_info</name>
         <load_address>0x6371b</load_address>
         <run_address>0x6371b</run_address>
         <size>0x38b</size>
         <input_file_ref idref="fl-5c"/>
      </object_component>
      <object_component id="oc-17f">
         <name>.debug_info</name>
         <load_address>0x63aa6</load_address>
         <run_address>0x63aa6</run_address>
         <size>0x37d</size>
         <input_file_ref idref="fl-5d"/>
      </object_component>
      <object_component id="oc-183">
         <name>.debug_info</name>
         <load_address>0x63e23</load_address>
         <run_address>0x63e23</run_address>
         <size>0x381</size>
         <input_file_ref idref="fl-5e"/>
      </object_component>
      <object_component id="oc-187">
         <name>.debug_info</name>
         <load_address>0x641a4</load_address>
         <run_address>0x641a4</run_address>
         <size>0x366</size>
         <input_file_ref idref="fl-5f"/>
      </object_component>
      <object_component id="oc-18c">
         <name>.debug_info</name>
         <load_address>0x6450a</load_address>
         <run_address>0x6450a</run_address>
         <size>0xeb</size>
         <input_file_ref idref="fl-60"/>
      </object_component>
      <object_component id="oc-190">
         <name>.debug_info</name>
         <load_address>0x645f5</load_address>
         <run_address>0x645f5</run_address>
         <size>0xc0</size>
         <input_file_ref idref="fl-61"/>
      </object_component>
      <object_component id="oc-194">
         <name>.debug_info</name>
         <load_address>0x646b5</load_address>
         <run_address>0x646b5</run_address>
         <size>0xc0</size>
         <input_file_ref idref="fl-62"/>
      </object_component>
      <object_component id="oc-198">
         <name>.debug_info</name>
         <load_address>0x64775</load_address>
         <run_address>0x64775</run_address>
         <size>0xc3</size>
         <input_file_ref idref="fl-63"/>
      </object_component>
      <object_component id="oc-19b">
         <name>.debug_info</name>
         <load_address>0x64838</load_address>
         <run_address>0x64838</run_address>
         <size>0x3fc</size>
         <input_file_ref idref="fl-64"/>
      </object_component>
      <object_component id="oc-1a1">
         <name>.debug_info</name>
         <load_address>0x64c34</load_address>
         <run_address>0x64c34</run_address>
         <size>0x3bd</size>
         <input_file_ref idref="fl-65"/>
      </object_component>
      <object_component id="oc-214">
         <name>.debug_info</name>
         <load_address>0x64ff1</load_address>
         <run_address>0x64ff1</run_address>
         <size>0x6f</size>
      </object_component>
      <object_component id="oc-45">
         <name>.debug_frame</name>
         <load_address>0x0</load_address>
         <run_address>0x0</run_address>
         <size>0x261</size>
         <input_file_ref idref="fl-2"/>
      </object_component>
      <object_component id="oc-52">
         <name>.debug_frame</name>
         <load_address>0x261</load_address>
         <run_address>0x261</run_address>
         <size>0x116</size>
         <input_file_ref idref="fl-5"/>
      </object_component>
      <object_component id="oc-56">
         <name>.debug_frame</name>
         <load_address>0x377</load_address>
         <run_address>0x377</run_address>
         <size>0xbf</size>
         <input_file_ref idref="fl-6"/>
      </object_component>
      <object_component id="oc-5c">
         <name>.debug_frame</name>
         <load_address>0x436</load_address>
         <run_address>0x436</run_address>
         <size>0x237</size>
         <input_file_ref idref="fl-7"/>
      </object_component>
      <object_component id="oc-60">
         <name>.debug_frame</name>
         <load_address>0x66d</load_address>
         <run_address>0x66d</run_address>
         <size>0x83</size>
         <input_file_ref idref="fl-8"/>
      </object_component>
      <object_component id="oc-66">
         <name>.debug_frame</name>
         <load_address>0x6f0</load_address>
         <run_address>0x6f0</run_address>
         <size>0x174</size>
         <input_file_ref idref="fl-9"/>
      </object_component>
      <object_component id="oc-6d">
         <name>.debug_frame</name>
         <load_address>0x864</load_address>
         <run_address>0x864</run_address>
         <size>0x1f6</size>
         <input_file_ref idref="fl-a"/>
      </object_component>
      <object_component id="oc-71">
         <name>.debug_frame</name>
         <load_address>0xa5a</load_address>
         <run_address>0xa5a</run_address>
         <size>0x83</size>
         <input_file_ref idref="fl-b"/>
      </object_component>
      <object_component id="oc-77">
         <name>.debug_frame</name>
         <load_address>0xadd</load_address>
         <run_address>0xadd</run_address>
         <size>0x192</size>
         <input_file_ref idref="fl-c"/>
      </object_component>
      <object_component id="oc-7d">
         <name>.debug_frame</name>
         <load_address>0xc6f</load_address>
         <run_address>0xc6f</run_address>
         <size>0x27b</size>
         <input_file_ref idref="fl-d"/>
      </object_component>
      <object_component id="oc-81">
         <name>.debug_frame</name>
         <load_address>0xeea</load_address>
         <run_address>0xeea</run_address>
         <size>0x64</size>
         <input_file_ref idref="fl-e"/>
      </object_component>
      <object_component id="oc-87">
         <name>.debug_frame</name>
         <load_address>0xf4e</load_address>
         <run_address>0xf4e</run_address>
         <size>0x155</size>
         <input_file_ref idref="fl-f"/>
      </object_component>
      <object_component id="oc-8d">
         <name>.debug_frame</name>
         <load_address>0x10a3</load_address>
[...]
         <name>_PFUNC_strWrite</name>
         <value>0x3eeb8c</value>
         <object_component_ref idref="oc-131"/>
      </symbol>
      <symbol id="sm-baa">
         <name>_PFUNC_blkWrite</name>
         <value>0x3eeb81</value>
         <object_component_ref idref="oc-131"/>
      </symbol>
      <symbol id="sm-bab">
         <name>_PFUNC_wordRead</name>
         <value>0x3eeb92</value>
         <object_component_ref idref="oc-131"/>
      </symbol>
      <symbol id="sm-bb5">
         <name>_SetDBGIER</name>
         <value>0x3eecac</value>
         <object_component_ref idref="oc-135"/>
      </symbol>
      <symbol id="sm-bbf">
         <name>_LogInputCalc</name>
         <value>0x3edefb</value>
         <object_component_ref idref="oc-139"/>
      </symbol>
      <symbol id="sm-bc0">
         <name>_Average2PhaseIntegral</name>
         <value>0x3ee022</value>
         <object_component_ref idref="oc-139"/>
      </symbol>
      <symbol id="sm-bc1">
         <name>_AverageDigInt</name>
         <value>0x3edfec</value>
         <object_component_ref idref="oc-139"/>
      </symbol>
      <symbol id="sm-bc2">
         <name>_AverageCalc</name>
         <value>0x3ee013</value>
         <object_component_ref idref="oc-139"/>
      </symbol>
      <symbol id="sm-bc3">
         <name>_AverageDigCalc</name>
         <value>0x3ee000</value>
         <object_component_ref idref="oc-139"/>
      </symbol>
      <symbol id="sm-bc4">
         <name>_DiffInputCalc</name>
         <value>0x3edf93</value>
         <object_component_ref idref="oc-139"/>
      </symbol>
      <symbol id="sm-bc5">
         <name>_AverageIntIntegral</name>
         <value>0x3edfd2</value>
         <object_component_ref idref="oc-139"/>
      </symbol>
      <symbol id="sm-bc6">
         <name>_AverageUnsIntegral</name>
         <value>0x3edfbb</value>
         <object_component_ref idref="oc-139"/>
      </symbol>
      <symbol id="sm-bd0">
         <name>_ph_order_trn</name>
         <value>0x3ee30e</value>
         <object_component_ref idref="oc-13d"/>
      </symbol>
      <symbol id="sm-bd1">
         <name>_ileg_fq_calc</name>
         <value>0x3ee379</value>
         <object_component_ref idref="oc-13d"/>
      </symbol>
      <symbol id="sm-bd2">
         <name>_ileg_trn_calc</name>
         <value>0x3ee33a</value>
         <object_component_ref idref="oc-13d"/>
      </symbol>
      <symbol id="sm-bdd">
         <name>__IQ15div</name>
         <value>0x3f4601</value>
         <object_component_ref idref="oc-141"/>
      </symbol>
      <symbol id="sm-be7">
         <name>__IQ15int</name>
         <value>0x3f4822</value>
         <object_component_ref idref="oc-142"/>
      </symbol>
      <symbol id="sm-bf2">
         <name>__IQ1div</name>
         <value>0x3f4648</value>
         <object_component_ref idref="oc-143"/>
      </symbol>
      <symbol id="sm-bfd">
         <name>__IQ22div</name>
         <value>0x3f468f</value>
         <object_component_ref idref="oc-144"/>
      </symbol>
      <symbol id="sm-c07">
         <name>__IQ22rmpy</name>
         <value>0x3f47fb</value>
         <object_component_ref idref="oc-145"/>
      </symbol>
      <symbol id="sm-c12">
         <name>__IQ24div</name>
         <value>0x3f46d6</value>
         <object_component_ref idref="oc-146"/>
      </symbol>
      <symbol id="sm-c1c">
         <name>__IQ24rmpy</name>
         <value>0x3f4808</value>
         <object_component_ref idref="oc-147"/>
      </symbol>
      <symbol id="sm-c26">
         <name>__IQ24sqrt</name>
         <value>0x3f47ab</value>
         <object_component_ref idref="oc-148"/>
      </symbol>
      <symbol id="sm-c31">
         <name>__IQ25div</name>
         <value>0x3f471d</value>
         <object_component_ref idref="oc-149"/>
      </symbol>
      <symbol id="sm-c3b">
         <name>__IQ25rmpy</name>
         <value>0x3f4815</value>
         <object_component_ref idref="oc-14a"/>
      </symbol>
      <symbol id="sm-c45">
         <name>__IQ5rmpy</name>
         <value>0x3f47ed</value>
         <object_component_ref idref="oc-14b"/>
      </symbol>
      <symbol id="sm-c50">
         <name>__IQ7div</name>
         <value>0x3f4764</value>
         <object_component_ref idref="oc-14c"/>
      </symbol>
      <symbol id="sm-c54">
         <name>_IQ16mpyRndSatTable</name>
         <value>0x3ffa90</value>
         <object_component_ref idref="oc-14d"/>
      </symbol>
      <symbol id="sm-c55">
         <name>_IQ24mpyRndSatTable</name>
         <value>0x3ffa30</value>
         <object_component_ref idref="oc-14d"/>
      </symbol>
      <symbol id="sm-c56">
         <name>_IQ13mpyRndSatTable</name>
         <value>0x3ffab4</value>
         <object_component_ref idref="oc-14d"/>
      </symbol>
      <symbol id="sm-c57">
         <name>_IQ21mpyRndSatTable</name>
         <value>0x3ffa54</value>
         <object_component_ref idref="oc-14d"/>
      </symbol>
      <symbol id="sm-c58">
         <name>_IQ10mpyRndSatTable</name>
         <value>0x3ffad8</value>
         <object_component_ref idref="oc-14d"/>
      </symbol>
      <symbol id="sm-c59">
         <name>_IQdivTable</name>
         <value>0x3ff510</value>
         <object_component_ref idref="oc-14d"/>
      </symbol>
      <symbol id="sm-c5a">
         <name>_IQ9mpyRndSatTable</name>
         <value>0x3ffae4</value>
         <object_component_ref idref="oc-14d"/>
      </symbol>
      <symbol id="sm-c5b">
         <name>_IQ6mpyRndSatTable</name>
         <value>0x3ffb08</value>
         <object_component_ref idref="oc-14d"/>
      </symbol>
      <symbol id="sm-c5c">
         <name>_IQatan2TableEnd</name>
         <value>0x3ff9e8</value>
         <object_component_ref idref="oc-14d"/>
      </symbol>
      <symbol id="sm-c5d">
         <name>_IQdivTableEnd</name>
         <value>0x3ff712</value>
         <object_component_ref idref="oc-14d"/>
      </symbol>
      <symbol id="sm-c5e">
         <name>_IQ29mpyRndSatTable</name>
         <value>0x3ff9f4</value>
         <object_component_ref idref="oc-14d"/>
      </symbol>
      <symbol id="sm-c5f">
         <name>_IQ3mpyRndSatTable</name>
         <value>0x3ffb2c</value>
         <object_component_ref idref="oc-14d"/>
      </symbol>
      <symbol id="sm-c60">
         <name>_IQ18mpyRndSatTable</name>
         <value>0x3ffa78</value>
         <object_component_ref idref="oc-14d"/>
      </symbol>
      <symbol id="sm-c61">
         <name>_IQ26mpyRndSatTable</name>
         <value>0x3ffa18</value>
         <object_component_ref idref="oc-14d"/>
      </symbol>
      <symbol id="sm-c62">
         <name>_IQcosTableEnd</name>
         <value>0x3ff502</value>
         <object_component_ref idref="oc-14d"/>
      </symbol>
      <symbol id="sm-c63">
         <name>_IQsinTableEnd</name>
         <value>0x3ff400</value>
         <object_component_ref idref="oc-14d"/>
      </symbol>
      <symbol id="sm-c64">
         <name>_IQ15mpyRndSatTable</name>
         <value>0x3ffa9c</value>
         <object_component_ref idref="oc-14d"/>
      </symbol>
      <symbol id="sm-c65">
         <name>_IQ23mpyRndSatTable</name>
         <value>0x3ffa3c</value>
         <object_component_ref idref="oc-14d"/>
      </symbol>
      <symbol id="sm-c66">
         <name>_IQ12mpyRndSatTable</name>
         <value>0x3ffac0</value>
         <object_component_ref idref="oc-14d"/>
      </symbol>
      <symbol id="sm-c67">
         <name>_IQ20mpyRndSatTable</name>
         <value>0x3ffa60</value>
         <object_component_ref idref="oc-14d"/>
      </symbol>
      <symbol id="sm-c68">
         <name>_IQisqrtTableEnd</name>
         <value>0x3ff824</value>
         <object_component_ref idref="oc-14d"/>
      </symbol>
      <symbol id="sm-c69">
         <name>_IQ8mpyRndSatTable</name>
         <value>0x3ffaf0</value>
         <object_component_ref idref="oc-14d"/>
      </symbol>
      <symbol id="sm-c6a">
         <name>_IQisqrtRoundSatTable</name>
         <value>0x3ff712</value>
         <object_component_ref idref="oc-14d"/>
      </symbol>
      <symbol id="sm-c6b">
         <name>_IQ5mpyRndSatTable</name>
         <value>0x3ffb14</value>
         <object_component_ref idref="oc-14d"/>
      </symbol>
      <symbol id="sm-c6c">
         <name>_IQmpyRndSatTable</name>
         <value>0x3ff9e8</value>
         <object_component_ref idref="oc-14d"/>
      </symbol>
      <symbol id="sm-c6d">
         <name>_IQ28mpyRndSatTable</name>
         <value>0x3ffa00</value>
         <object_component_ref idref="oc-14d"/>
      </symbol>
      <symbol id="sm-c6e">
         <name>_IQatan2Table</name>
         <value>0x3ff862</value>
         <object_component_ref idref="oc-14d"/>
      </symbol>
      <symbol id="sm-c6f">
         <name>_IQ2mpyRndSatTable</name>
         <value>0x3ffb38</value>
         <object_component_ref idref="oc-14d"/>
      </symbol>
      <symbol id="sm-c70">
         <name>_IQatan2HalfPITable</name>
         <value>0x3ff824</value>
         <object_component_ref idref="oc-14d"/>
      </symbol>
      <symbol id="sm-c71">
         <name>_IQ17mpyRndSatTable</name>
         <value>0x3ffa84</value>
         <object_component_ref idref="oc-14d"/>
      </symbol>
      <symbol id="sm-c72">
         <name>_IQ25mpyRndSatTable</name>
         <value>0x3ffa24</value>
         <object_component_ref idref="oc-14d"/>
      </symbol>
      <symbol id="sm-c73">
         <name>_IQsqrtTable</name>
         <value>0x3ff722</value>
         <object_component_ref idref="oc-14d"/>
      </symbol>
      <symbol id="sm-c74">
         <name>_IQsqrtTableEnd</name>
         <value>0x3ff824</value>
         <object_component_ref idref="oc-14d"/>
      </symbol>
      <symbol id="sm-c75">
         <name>_IQ14mpyRndSatTable</name>
         <value>0x3ffaa8</value>
         <object_component_ref idref="oc-14d"/>
      </symbol>
      <symbol id="sm-c76">
         <name>_IQ22mpyRndSatTable</name>
         <value>0x3ffa48</value>
         <object_component_ref idref="oc-14d"/>
      </symbol>
      <symbol id="sm-c77">
         <name>_IQ30mpyRndSatTable</name>
         <value>0x3ff9e8</value>
         <object_component_ref idref="oc-14d"/>
      </symbol>
      <symbol id="sm-c78">
         <name>_IQsqrtRoundSatTable</name>
         <value>0x3ff712</value>
         <object_component_ref idref="oc-14d"/>
      </symbol>
      <symbol id="sm-c79">
         <name>_IQ11mpyRndSatTable</name>
         <value>0x3ffacc</value>
         <object_component_ref idref="oc-14d"/>
      </symbol>
      <symbol id="sm-c7a">
         <name>_IQdivRoundSatTable</name>
         <value>0x3ff502</value>
         <object_component_ref idref="oc-14d"/>
      </symbol>
      <symbol id="sm-c7b">
         <name>_IQ7mpyRndSatTable</name>
         <value>0x3ffafc</value>
         <object_component_ref idref="oc-14d"/>
      </symbol>
      <symbol id="sm-c7c">
         <name>_IQcosTable</name>
         <value>0x3ff100</value>
         <object_component_ref idref="oc-14d"/>
      </symbol>
      <symbol id="sm-c7d">
         <name>_IQisqrtTable</name>
         <value>0x3ff722</value>
         <object_component_ref idref="oc-14d"/>
      </symbol>
      <symbol id="sm-c7e">
         <name>_IQ4mpyRndSatTable</name>
         <value>0x3ffb20</value>
         <object_component_ref idref="oc-14d"/>
      </symbol>
      <symbol id="sm-c7f">
         <name>_IQ19mpyRndSatTable</name>
         <value>0x3ffa6c</value>
         <object_component_ref idref="oc-14d"/>
      </symbol>
      <symbol id="sm-c80">
         <name>_IQ27mpyRndSatTable</name>
         <value>0x3ffa0c</value>
         <object_component_ref idref="oc-14d"/>
      </symbol>
      <symbol id="sm-c81">
         <name>_IQmpyRndSatTableEnd</name>
         <value>0x3ffb50</value>
         <object_component_ref idref="oc-14d"/>
      </symbol>
      <symbol id="sm-c82">
         <name>_IQ1mpyRndSatTable</name>
         <value>0x3ffb44</value>
         <object_component_ref idref="oc-14d"/>
      </symbol>
      <symbol id="sm-c83">
         <name>_IQsinTable</name>
         <value>0x3ff000</value>
         <object_component_ref idref="oc-14d"/>
      </symbol>
      <symbol id="sm-c8d">
         <name>_PrtCalc</name>
         <value>0x3ee893</value>
         <object_component_ref idref="oc-14e"/>
      </symbol>
      <symbol id="sm-c9b">
         <name>_DateToStr4s</name>
         <value>0x3ed5d4</value>
         <object_component_ref idref="oc-152"/>
      </symbol>
      <symbol id="sm-c9c">
         <name>_DateSeparator</name>
         <value>0x8de9</value>
         <object_component_ref idref="oc-154"/>
      </symbol>
      <symbol id="sm-c9d">
         <name>_DecToStr</name>
         <value>0x3ed57e</value>
         <object_component_ref idref="oc-152"/>
      </symbol>
      <symbol id="sm-c9e">
         <name>_FloatSeparator</name>
         <value>0x8dea</value>
         <object_component_ref idref="oc-154"/>
      </symbol>
      <symbol id="sm-c9f">
         <name>_HexToStr4s</name>
         <value>0x3ed4fd</value>
         <object_component_ref idref="oc-152"/>
      </symbol>
      <symbol id="sm-ca0">
         <name>_TimeSeparator</name>
         <value>0x8de8</value>
         <object_component_ref idref="oc-154"/>
      </symbol>
      <symbol id="sm-ca1">
         <name>_StrToTime</name>
         <value>0x3ed482</value>
         <object_component_ref idref="oc-152"/>
      </symbol>
      <symbol id="sm-ca2">
         <name>_BinToStr4s</name>
         <value>0x3ed645</value>
         <object_component_ref idref="oc-152"/>
      </symbol>
      <symbol id="sm-ca3">
         <name>_DateToStr</name>
         <value>0x3ed60d</value>
         <object_component_ref idref="oc-152"/>
      </symbol>
      <symbol id="sm-ca4">
         <name>_StrToDec</name>
         <value>0x3ed4ad</value>
         <object_component_ref idref="oc-152"/>
      </symbol>
      <symbol id="sm-ca5">
         <name>_TimeToStr</name>
         <value>0x3ed45c</value>
         <object_component_ref idref="oc-152"/>
      </symbol>
      <symbol id="sm-ca6">
         <name>_TimeToStr4s</name>
         <value>0x3ed43b</value>
         <object_component_ref idref="oc-152"/>
      </symbol>
      <symbol id="sm-ca7">
         <name>_StrToBin</name>
         <value>0x3ed4f4</value>
         <object_component_ref idref="oc-152"/>
      </symbol>
      <symbol id="sm-ca8">
         <name>_StrToDate</name>
         <value>0x3ed4d7</value>
         <object_component_ref idref="oc-152"/>
      </symbol>
      <symbol id="sm-ca9">
         <name>_StrToHex</name>
         <value>0x3ed496</value>
         <object_component_ref idref="oc-152"/>
      </symbol>
      <symbol id="sm-caa">
         <name>_HexToStr</name>
         <value>0x3ed52d</value>
         <object_component_ref idref="oc-152"/>
      </symbol>
      <symbol id="sm-cab">
         <name>_DecToStr4s</name>
         <value>0x3ed554</value>
         <object_component_ref idref="oc-152"/>
      </symbol>
      <symbol id="sm-cac">
         <name>_BinToStr</name>
         <value>0x3ed661</value>
         <object_component_ref idref="oc-152"/>
      </symbol>
      <symbol id="sm-cad">
         <name>_FloatPositive</name>
         <value>0x8deb</value>
         <object_component_ref idref="oc-154"/>
      </symbol>
      <symbol id="sm-cc1">
         <name>_c_int00</name>
         <value>0x3eea73</value>
         <object_component_ref idref="oc-40"/>
      </symbol>
      <symbol id="sm-cc2">
         <name>__stack</name>
         <value>0x0</value>
         <object_component_ref idref="oc-158"/>
      </symbol>
      <symbol id="sm-cd3">
         <name>C$$EXIT</name>
         <value>0x3eebb2</value>
         <object_component_ref idref="oc-1a6"/>
      </symbol>
      <symbol id="sm-cd4">
         <name>_exit</name>
         <value>0x3eebb4</value>
         <object_component_ref idref="oc-1a6"/>
      </symbol>
      <symbol id="sm-cd5">
         <name>___TI_cleanup_ptr</name>
         <value>0x8de4</value>
         <object_component_ref idref="oc-15f"/>
      </symbol>
      <symbol id="sm-cd6">
         <name>_abort</name>
         <value>0x3eebb2</value>
         <object_component_ref idref="oc-1a6"/>
      </symbol>
      <symbol id="sm-cd7">
         <name>___TI_dtors_ptr</name>
         <value>0x8de6</value>
         <object_component_ref idref="oc-15f"/>
      </symbol>
      <symbol id="sm-ce5">
         <name>FD$$MPY</name>
         <value>0x3ee719</value>
         <object_component_ref idref="oc-163"/>
      </symbol>
      <symbol id="sm-cf0">
         <name>FD$$TOL</name>
         <value>0x3eeb5d</value>
         <object_component_ref idref="oc-167"/>
      </symbol>
      <symbol id="sm-cfe">
         <name>FS$$CMP</name>
         <value>0x3eebcb</value>
         <object_component_ref idref="oc-16b"/>
      </symbol>
      <symbol id="sm-d08">
         <name>I$$MOD</name>
         <value>0x3eeb2b</value>
         <object_component_ref idref="oc-16f"/>
      </symbol>
      <symbol id="sm-d09">
         <name>I$$DIV</name>
         <value>0x3eeb1a</value>
         <object_component_ref idref="oc-16f"/>
      </symbol>
      <symbol id="sm-d18">
         <name>___memcpy_ff</name>
         <value>0x3eeb3c</value>
         <object_component_ref idref="oc-1be"/>
      </symbol>
      <symbol id="sm-d24">
         <name>_memset</name>
         <value>0x3eec61</value>
         <object_component_ref idref="oc-1bb"/>
      </symbol>
      <symbol id="sm-d31">
         <name>_strchr</name>
         <value>0x3eec6e</value>
         <object_component_ref idref="oc-1c8"/>
      </symbol>
      <symbol id="sm-d3d">
         <name>_strcmp</name>
         <value>0x3eec84</value>
         <object_component_ref idref="oc-1c6"/>
      </symbol>
      <symbol id="sm-d48">
         <name>_strcpy</name>
         <value>0x3eeca7</value>
         <object_component_ref idref="oc-1bf"/>
      </symbol>
      <symbol id="sm-d53">
         <name>_strlen</name>
         <value>0x3eec9f</value>
         <object_component_ref idref="oc-1c5"/>
      </symbol>
      <symbol id="sm-d5b">
         <name>U$$MOD</name>
         <value>0x3eec7e</value>
         <object_component_ref idref="oc-18b"/>
      </symbol>
      <symbol id="sm-d5c">
         <name>U$$DIV</name>
         <value>0x3eec79</value>
         <object_component_ref idref="oc-18b"/>
      </symbol>
      <symbol id="sm-d69">
         <name>U$$TOFD</name>
         <value>0x3eebe2</value>
         <object_component_ref idref="oc-18f"/>
      </symbol>
      <symbol id="sm-d73">
         <name>U$$TOFS</name>
         <value>0x3eec42</value>
         <object_component_ref idref="oc-193"/>
      </symbol>
      <symbol id="sm-d7f">
         <name>UL$$TOFS</name>
         <value>0x3eec0f</value>
         <object_component_ref idref="oc-197"/>
      </symbol>
      <symbol id="sm-d8d">
         <name>__unlock</name>
         <value>0x8de0</value>
         <object_component_ref idref="oc-19d"/>
      </symbol>
      <symbol id="sm-d8e">
         <name>__lock</name>
         <value>0x8de2</value>
         <object_component_ref idref="oc-19d"/>
      </symbol>
      <symbol id="sm-d8f">
         <name>__register_lock</name>
         <value>0x3eec92</value>
         <object_component_ref idref="oc-1bc"/>
      </symbol>
      <symbol id="sm-d90">
         <name>__nop</name>
         <value>0x3eec96</value>
         <object_component_ref idref="oc-1bc"/>
      </symbol>
      <symbol id="sm-d91">
         <name>__register_unlock</name>
         <value>0x3eec8e</value>
         <object_component_ref idref="oc-1bc"/>
      </symbol>
      <symbol id="sm-d9d">
         <name>__args_main</name>
         <value>0x3eeb99</value>
         <object_component_ref idref="oc-1a5"/>
      </symbol>
      <symbol id="sm-d9e">
         <name>__TI_args_main</name>
         <value>0x1</value>
      </symbol>
   </symbol_table>
   <title>Link successful</title>
</link_info>
