******************************************************************************
  TMS320C2000 Evaluation Linker PC v5.2.1                      
******************************************************************************
>> Linked Thu Aug 21 09:28:20 2014

OUTPUT FILE NAME:   <./build/bur.out>
ENTRY POINT SYMBOL: "_c_int00"  address: 003eebd4


MEMORY CONFIGURATION

         name            origin    length      used     unused   attr    fill
----------------------  --------  ---------  --------  --------  ----  --------
PAGE 0:
  M1SARAM               00000480   00000380  0000001f  00000361  RWIX
  OTP                   003d7800   00000400  00000000  00000400  RWIX
  FLASH                 003e8000   0000ff80  0000c5ed  00003993  RWIX
  CSM_RSVD              003f7f80   00000076  00000000  00000076  RWIX
  BEGIN                 003f7ff6   00000002  00000002  00000000  RWIX
  CSM_PWL               003f7ff8   00000008  00000000  00000008  RWIX
  BOOTROM               003ff000   00000fc0  00000b50  00000470  RWIX
  RESET                 003fffc0   00000002  00000000  00000002  RWIX
  VECTORS               003fffc2   0000003e  00000000  0000003e  RWIX

PAGE 1:
  M0SARAM               00000000   00000400  00000200  00000200  RWIX
  BOOT_RSVD             00000400   00000080  00000000  00000080  RWIX
  DEV_EMU               00000880   00000180  000000d0  000000b0  RWIX
  FLASH_REGS            00000a80   00000060  00000008  00000058  RWIX
  CSM                   00000ae0   00000010  00000010  00000000  RWIX
  ADC_MIRROR            00000b00   00000010  00000010  00000000  RWIX
  CPU_TIMER0            00000c00   00000008  00000008  00000000  RWIX
  CPU_TIMER1            00000c08   00000008  00000008  00000000  RWIX
  CPU_TIMER2            00000c10   00000008  00000008  00000000  RWIX
  PIE_CTRL              00000ce0   00000020  0000001a  00000006  RWIX
  PIE_VECT              00000d00   00000100  00000100  00000000  RWIX
  ECANA                 00006000   00000040  00000034  0000000c  RWIX
  ECANA_LAM             00006040   00000040  00000040  00000000  RWIX
  ECANA_MOTS            00006080   00000040  00000040  00000000  RWIX
  ECANA_MOTO            000060c0   00000040  00000040  00000000  RWIX
  ECANA_MBOX            00006100   00000100  00000100  00000000  RWIX
  ECANB                 00006200   00000040  00000034  0000000c  RWIX
  ECANB_LAM             00006240   00000040  00000040  00000000  RWIX
  ECANB_MOTS            00006280   00000040  00000040  00000000  RWIX
  ECANB_MOTO            000062c0   00000040  00000040  00000000  RWIX
  ECANB_MBOX            00006300   00000100  00000100  00000000  RWIX
  EPWM1                 00006800   00000022  00000022  00000000  RWIX
  EPWM2                 00006840   00000022  00000022  00000000  RWIX
  EPWM3                 00006880   00000022  00000022  00000000  RWIX
  EPWM4                 000068c0   00000022  00000022  00000000  RWIX
  EPWM5                 00006900   00000022  00000022  00000000  RWIX
  EPWM6                 00006940   00000022  00000022  00000000  RWIX
  ECAP1                 00006a00   00000020  00000020  00000000  RWIX
  ECAP2                 00006a20   00000020  00000020  00000000  RWIX
  ECAP3                 00006a40   00000020  00000020  00000000  RWIX
  ECAP4                 00006a60   00000020  00000020  00000000  RWIX
  EQEP1                 00006b00   00000040  00000040  00000000  RWIX
  EQEP2                 00006b40   00000040  00000040  00000000  RWIX
  GPIOCTRL              00006f80   00000040  00000040  00000000  RWIX
  GPIODAT               00006fc0   00000020  00000020  00000000  RWIX
  GPIOINT               00006fe0   00000020  0000000a  00000016  RWIX
  SYSTEM                00007010   00000020  00000020  00000000  RWIX
  SPIA                  00007040   00000010  00000010  00000000  RWIX
  SCIA                  00007050   00000010  00000010  00000000  RWIX
  XINTRUPT              00007070   00000010  00000010  00000000  RWIX
  ADC                   00007100   00000020  0000001e  00000002  RWIX
  SPIB                  00007740   00000010  00000010  00000000  RWIX
  SCIB                  00007750   00000010  00000010  00000000  RWIX
  SPIC                  00007760   00000010  00000010  00000000  RWIX
  SPID                  00007780   00000010  00000010  00000000  RWIX
  I2CA                  00007900   00000040  00000022  0000001e  RWIX
  LSARAM                00008000   00002000  00001a64  0000059c  RWIX
  CSM_PWL               003f7ff8   00000008  00000008  00000000  RWIX
  H0SARAM               003fa000   00002000  00000000  00002000  RWIX


SECTION ALLOCATION MAP

 output                                  attributes/
section   page    origin      length       input sections
--------  ----  ----------  ----------   ----------------
.pinit     0    003e8000    00000000     UNINITIALIZED

.text      0    003e8000    00006ddc     
                  003e8000    000011e9     motor_control.obj (.text)
                  003e91e9    00000eee     interface.obj (.text)
                  003ea0d7    00000e2c     menu2x.obj (.text)
                  003eaf03    0000073f     protections.obj (.text)
                  003eb642    00000623     rim_devices.obj (.text)
                  003ebc65    0000052c     im.obj (.text)
                  003ec191    00000490     drv_modbus.obj (.text)
                  003ec621    000003fb     VlvDrvCtrl.obj (.text)
                  003eca1c    00000317     Calibs_v01.02.l28 : Calibs.obj (.text)
                  003ecd33    000002ed     btwt41.obj (.text)
                  003ed020    000002b2     InitHardware.obj (.text)
                  003ed2d2    00000258     table_tomzel_v1.obj (.text)
                  003ed52a    00000249     value_conv_v01.02.l28 : value_conv.obj (.text)
                  003ed773    0000023d     display.obj (.text)
                  003ed9b0    00000206     encoder.obj (.text)
                  003edbb6    000001fc     at25xxx.obj (.text)
                  003eddb2    000001d2     rtc.obj (.text)
                  003edf84    0000015a     LogEv.obj (.text)
                  003ee0de    0000013c     Inputs_v01.01.l28 : Inputs.obj (.text)
                  003ee21a    00000127     serial_communication.obj (.text)
                  003ee341    00000116     main.obj (.text)
                  003ee457    00000115     ds1305.obj (.text)
                  003ee56c    000000e3     csl_v01.03.l280x : DSP280x_Spi.obj (.text)
                  003ee64f    000000df     pult.obj (.text)
                  003ee72e    000000cf     iqDMC_v01.02.l28 : ileg.obj (.text)
                  003ee7fd    000000b7     csl_v01.03.l280x : csl_rtos.obj (.text)
                  003ee8b4    000000b1                      : DSP280x_Sci.obj (.text)
                  003ee965    0000008c     dac7513.obj (.text)
                  003ee9f1    0000006e     PrtCalc_v01.00.l28 : PrtCalc.obj (.text)
                  003eea5f    00000069     csl_v01.03.l280x : csl_utils.obj (.text)
                  003eeac8    00000065                      : DSP280x_SysCtrl.obj (.text)
                  003eeb2d    00000060     ApFilter3_v01.00.l28 : ApFilter3.obj (.text)
                  003eeb8d    00000047     adt7301.obj (.text)
                  003eebd4    00000044     rts2800_ml.lib : boot.obj (.text)
                  003eec18    00000032     csl_v01.03.l280x : DSP280x_PieCtrl.obj (.text)
                  003eec4a    00000031     ApFilter1_v01.00.l28 : ApFilter1.obj (.text)
                  003eec7b    00000022     rts2800_ml.lib : i_div.obj (.text)
                  003eec9d    00000021                    : memcpy_ff.obj (.text)
                  003eecbe    0000001d     csl_v01.03.l280x : DSP28xx_pfunc.obj (.text)
                  003eecdb    0000001b     rts2800_ml.lib : args_main.obj (.text)
                  003eecf6    00000019                    : exit.obj (.text)
                  003eed0f    00000017                    : fs_cmp.obj (.text)
                  003eed26    00000016     csl_v01.03.l280x : DSP280x_PieVect.obj (.text)
                  003eed3c    00000013     rts2800_ml.lib : ul_tofs.obj (.text)
                  003eed4f    00000010     DSP280x_DelayUs.obj (.text)
                  003eed5f    00000010     csl_v01.03.l280x : DSP280x_MemCopy.obj (.text)
                  003eed6f    00000010     rts2800_ml.lib : u_tofs.obj (.text)
                  003eed7f    0000000f     csl_v01.03.l280x : DSP280x_CpuTimers.obj (.text)
                  003eed8e    0000000b     rts2800_ml.lib : strchr.obj (.text)
                  003eed99    0000000b                    : u_div.obj (.text)
                  003eeda4    0000000a                    : strcmp.obj (.text)
                  003eedae    0000000a                    : strlen.obj (.text)
                  003eedb8    00000009                    : _lock.obj (.text)
                  003eedc1    00000009                    : strcpy.obj (.text)
                  003eedca    00000008     DSP280x_CodeStartBranch.obj (.text)
                  003eedd2    00000007     rts2800_ml.lib : memset.obj (.text)
                  003eedd9    00000003     csl_v01.03.l280x : DSP280x_DBGIER.obj (.text)

.econst    0    003eeddc    0000455b     
                  003eeddc    00002880     interface.obj (.econst:_params)
                  003f165c    00000f40     interface.obj (.econst:_values)
                  003f259c    000009ee     main.obj (.econst:_ElemNames)
                  003f2f8a    00000200     interface.obj (.econst:_AddStr)
                  003f318a    000000aa     interface.obj (.econst:_groups)
                  003f3234    0000007d     btwt41.obj (.econst:.string)
                  003f32b1    00000001     --HOLE-- [fill = 0]
                  003f32b2    0000007d     rim_devices.obj (.econst:.string)
                  003f332f    00000001     --HOLE-- [fill = 0]
                  003f3330    00000007     serial_communication.obj (.econst:.string)

.cinit     0    003f3337    00001019     
                  003f3337    000005ee     main.obj (.cinit)
                  003f3925    000002ee     interface.obj (.cinit)
                  003f3c13    00000220     protections.obj (.cinit)
                  003f3e33    000001e3     rim_devices.obj (.cinit)
                  003f4016    00000158     motor_control.obj (.cinit)
                  003f416e    000000fd     display.obj (.cinit)
                  003f426b    0000003e     im.obj (.cinit)
                  003f42a9    00000035     serial_communication.obj (.cinit)
                  003f42de    00000016     csl_v01.03.l280x : DSP280x_Spi.obj (.cinit)
                  003f42f4    00000014     btwt41.obj (.cinit)
                  003f4308    00000010     value_conv_v01.02.l28 : value_conv.obj (.cinit)
                  003f4318    0000000e     drv_modbus.obj (.cinit)
                  003f4326    0000000a     rts2800_ml.lib : _lock.obj (.cinit)
                  003f4330    0000000a                    : exit.obj (.cinit)
                  003f433a    00000007     csl_v01.03.l280x : DSP280x_Sci.obj (.cinit)
                  003f4341    00000005     VlvDrvCtrl.obj (.cinit)
                  003f4346    00000004     at25xxx.obj (.cinit)
                  003f434a    00000004     menu2x.obj (.cinit)
                  003f434e    00000002     --HOLE-- [fill = 0]

secureRamFuncs 
*          0    003f4350    0000001f     RUN ADDR = 00000480
                  003f4350    0000001f     csl_v01.03.l280x : DSP280x_SysCtrl.obj (secureRamFuncs)

IQmath     0    003f436f    000001da     
                  003f436f    00000047     IQmath.l28 : IQ1div.obj (IQmath)
                  003f43b6    00000047                : IQ22div.obj (IQmath)
                  003f43fd    00000047                : IQ24div.obj (IQmath)
                  003f4444    00000047                : IQ25div.obj (IQmath)
                  003f448b    00000047                : IQ7div.obj (IQmath)
                  003f44d2    00000042                : IQ24sqrt.obj (IQmath)
                  003f4514    0000000e                : IQ5rmpy.obj (IQmath)
                  003f4522    0000000d                : IQ22rmpy.obj (IQmath)
                  003f452f    0000000d                : IQ24rmpy.obj (IQmath)
                  003f453c    0000000d                : IQ25rmpy.obj (IQmath)

.switch    0    003f454a    000000a4     
                  003f454a    0000008c     menu2x.obj (.switch)
                  003f45d6    00000018     im.obj (.switch)

codestart 
*          0    003f7ff6    00000002     
                  003f7ff6    00000002     DSP280x_CodeStartBranch.obj (codestart)

IQmathTables 
*          0    003ff000    00000b50     NOLOAD SECTION
                  003ff000    00000b50     IQmath.l28 : IQmathTables.obj (IQmathTables)

.reset     0    003fffc0    00000002     DSECT
                  003fffc0    00000002     rts2800_ml.lib : boot.obj (.reset)

vectors    0    003fffc2    00000000     DSECT

.stack     1    00000000    00000200     UNINITIALIZED
                  00000000    00000200     --HOLE--

DevEmuRegsFile 
*          1    00000880    000000d0     UNINITIALIZED
                  00000880    000000d0     csl_v01.03.l280x : DSP280x_GlobalVariableDefs.obj (DevEmuRegsFile)

FlashRegsFile 
*          1    00000a80    00000008     UNINITIALIZED
                  00000a80    00000008     csl_v01.03.l280x : DSP280x_GlobalVariableDefs.obj (FlashRegsFile)

CsmRegsFile 
*          1    00000ae0    00000010     UNINITIALIZED
                  00000ae0    00000010     csl_v01.03.l280x : DSP280x_GlobalVariableDefs.obj (CsmRegsFile)

AdcMirrorFile 
*          1    00000b00    00000010     UNINITIALIZED
                  00000b00    00000010     csl_v01.03.l280x : DSP280x_GlobalVariableDefs.obj (AdcMirrorFile)

CpuTimer0RegsFile 
*          1    00000c00    00000008     UNINITIALIZED
                  00000c00    00000008     csl_v01.03.l280x : DSP280x_GlobalVariableDefs.obj (CpuTimer0RegsFile)

CpuTimer1RegsFile 
*          1    00000c08    00000008     UNINITIALIZED
                  00000c08    00000008     csl_v01.03.l280x : DSP280x_GlobalVariableDefs.obj (CpuTimer1RegsFile)

CpuTimer2RegsFile 
*          1    00000c10    00000008     UNINITIALIZED
                  00000c10    00000008     csl_v01.03.l280x : DSP280x_GlobalVariableDefs.obj (CpuTimer2RegsFile)

PieCtrlRegsFile 
*          1    00000ce0    0000001a     UNINITIALIZED
                  00000ce0    0000001a     csl_v01.03.l280x : DSP280x_GlobalVariableDefs.obj (PieCtrlRegsFile)

PieVectTableFile 
*          1    00000d00    00000100     UNINITIALIZED
                  00000d00    00000100     csl_v01.03.l280x : DSP280x_GlobalVariableDefs.obj (PieVectTableFile)

ECanaRegsFile 
*          1    00006000    00000034     UNINITIALIZED
                  00006000    00000034     csl_v01.03.l280x : DSP280x_GlobalVariableDefs.obj (ECanaRegsFile)

ECanaLAMRegsFile 
*          1    00006040    00000040     UNINITIALIZED
                  00006040    00000040     csl_v01.03.l280x : DSP280x_GlobalVariableDefs.obj (ECanaLAMRegsFile)

ECanaMOTSRegsFile 
*          1    00006080    00000040     UNINITIALIZED
                  00006080    00000040     csl_v01.03.l280x : DSP280x_GlobalVariableDefs.obj (ECanaMOTSRegsFile)

ECanaMOTORegsFile 
*          1    000060c0    00000040     UNINITIALIZED
                  000060c0    00000040     csl_v01.03.l280x : DSP280x_GlobalVariableDefs.obj (ECanaMOTORegsFile)

ECanaMboxesFile 
*          1    00006100    00000100     UNINITIALIZED
                  00006100    00000100     csl_v01.03.l280x : DSP280x_GlobalVariableDefs.obj (ECanaMboxesFile)

ECanbRegsFile 
*          1    00006200    00000034     UNINITIALIZED
                  00006200    00000034     csl_v01.03.l280x : DSP280x_GlobalVariableDefs.obj (ECanbRegsFile)

ECanbLAMRegsFile 
*          1    00006240    00000040     UNINITIALIZED
                  00006240    00000040     csl_v01.03.l280x : DSP280x_GlobalVariableDefs.obj (ECanbLAMRegsFile)

ECanbMOTSRegsFile 
*          1    00006280    00000040     UNINITIALIZED
                  00006280    00000040     csl_v01.03.l280x : DSP280x_GlobalVariableDefs.obj (ECanbMOTSRegsFile)

ECanbMOTORegsFile 
*          1    000062c0    00000040     UNINITIALIZED
                  000062c0    00000040     csl_v01.03.l280x : DSP280x_GlobalVariableDefs.obj (ECanbMOTORegsFile)

ECanbMboxesFile 
*          1    00006300    00000100     UNINITIALIZED
                  00006300    00000100     csl_v01.03.l280x : DSP280x_GlobalVariableDefs.obj (ECanbMboxesFile)

EPwm1RegsFile 
*          1    00006800    00000022     UNINITIALIZED
                  00006800    00000022     csl_v01.03.l280x : DSP280x_GlobalVariableDefs.obj (EPwm1RegsFile)

EPwm2RegsFile 
*          1    00006840    00000022     UNINITIALIZED
                  00006840    00000022     csl_v01.03.l280x : DSP280x_GlobalVariableDefs.obj (EPwm2RegsFile)

EPwm3RegsFile 
*          1    00006880    00000022     UNINITIALIZED
                  00006880    00000022     csl_v01.03.l280x : DSP280x_GlobalVariableDefs.obj (EPwm3RegsFile)

EPwm4RegsFile 
*          1    000068c0    00000022     UNINITIALIZED
                  000068c0    00000022     csl_v01.03.l280x : DSP280x_GlobalVariableDefs.obj (EPwm4RegsFile)

EPwm5RegsFile 
*          1    00006900    00000022     UNINITIALIZED
                  00006900    00000022     csl_v01.03.l280x : DSP280x_GlobalVariableDefs.obj (EPwm5RegsFile)

EPwm6RegsFile 
*          1    00006940    00000022     UNINITIALIZED
                  00006940    00000022     csl_v01.03.l280x : DSP280x_GlobalVariableDefs.obj (EPwm6RegsFile)

ECap1RegsFile 
*          1    00006a00    00000020     UNINITIALIZED
                  00006a00    00000020     csl_v01.03.l280x : DSP280x_GlobalVariableDefs.obj (ECap1RegsFile)

ECap2RegsFile 
*          1    00006a20    00000020     UNINITIALIZED
                  00006a20    00000020     csl_v01.03.l280x : DSP280x_GlobalVariableDefs.obj (ECap2RegsFile)

ECap3RegsFile 
*          1    00006a40    00000020     UNINITIALIZED
                  00006a40    00000020     csl_v01.03.l280x : DSP280x_GlobalVariableDefs.obj (ECap3RegsFile)

ECap4RegsFile 
*          1    00006a60    00000020     UNINITIALIZED
                  00006a60    00000020     csl_v01.03.l280x : DSP280x_GlobalVariableDefs.obj (ECap4RegsFile)

EQep1RegsFile 
*          1    00006b00    00000040     UNINITIALIZED
                  00006b00    00000040     csl_v01.03.l280x : DSP280x_GlobalVariableDefs.obj (EQep1RegsFile)

EQep2RegsFile 
*          1    00006b40    00000040     UNINITIALIZED
                  00006b40    00000040     csl_v01.03.l280x : DSP280x_GlobalVariableDefs.obj (EQep2RegsFile)

GpioCtrlRegsFile 
*          1    00006f80    00000040     UNINITIALIZED
                  00006f80    00000040     csl_v01.03.l280x : DSP280x_GlobalVariableDefs.obj (GpioCtrlRegsFile)

GpioDataRegsFile 
*          1    00006fc0    00000020     UNINITIALIZED
                  00006fc0    00000020     csl_v01.03.l280x : DSP280x_GlobalVariableDefs.obj (GpioDataRegsFile)

GpioIntRegsFile 
*          1    00006fe0    0000000a     UNINITIALIZED
                  00006fe0    0000000a     csl_v01.03.l280x : DSP280x_GlobalVariableDefs.obj (GpioIntRegsFile)

SysCtrlRegsFile 
*          1    00007010    00000020     UNINITIALIZED
                  00007010    00000020     csl_v01.03.l280x : DSP280x_GlobalVariableDefs.obj (SysCtrlRegsFile)

SpiaRegsFile 
*          1    00007040    00000010     UNINITIALIZED
                  00007040    00000010     csl_v01.03.l280x : DSP280x_GlobalVariableDefs.obj (SpiaRegsFile)

SciaRegsFile 
*          1    00007050    00000010     UNINITIALIZED
                  00007050    00000010     csl_v01.03.l280x : DSP280x_GlobalVariableDefs.obj (SciaRegsFile)

XIntruptRegsFile 
*          1    00007070    00000010     UNINITIALIZED
                  00007070    00000010     csl_v01.03.l280x : DSP280x_GlobalVariableDefs.obj (XIntruptRegsFile)

AdcRegsFile 
*          1    00007100    0000001e     UNINITIALIZED
                  00007100    0000001e     csl_v01.03.l280x : DSP280x_GlobalVariableDefs.obj (AdcRegsFile)

SpibRegsFile 
*          1    00007740    00000010     UNINITIALIZED
                  00007740    00000010     csl_v01.03.l280x : DSP280x_GlobalVariableDefs.obj (SpibRegsFile)

ScibRegsFile 
*          1    00007750    00000010     UNINITIALIZED
                  00007750    00000010     csl_v01.03.l280x : DSP280x_GlobalVariableDefs.obj (ScibRegsFile)

SpicRegsFile 
*          1    00007760    00000010     UNINITIALIZED
                  00007760    00000010     csl_v01.03.l280x : DSP280x_GlobalVariableDefs.obj (SpicRegsFile)

SpidRegsFile 
*          1    00007780    00000010     UNINITIALIZED
                  00007780    00000010     csl_v01.03.l280x : DSP280x_GlobalVariableDefs.obj (SpidRegsFile)

I2caRegsFile 
*          1    00007900    00000022     UNINITIALIZED
                  00007900    00000022     csl_v01.03.l280x : DSP280x_GlobalVariableDefs.obj (I2caRegsFile)

.ebss      1    00008000    00001a64     UNINITIALIZED
                  00008000    00000700     main.obj (.ebss)
                  00008700    000006b0     interface.obj (.ebss)
                  00008db0    00000010     csl_v01.03.l280x : DSP280x_Spi.obj (.ebss)
                  00008dc0    000004c0     motor_control.obj (.ebss)
                  00009280    00000206     rim_devices.obj (.ebss)
                  00009486    0000002c     im.obj (.ebss)
                  000094b2    00000005     btwt41.obj (.ebss)
                  000094b7    00000001     at25xxx.obj (.ebss)
                  000094b8    00000004     csl_v01.03.l280x : DSP280x_Sci.obj (.ebss)
                  000094bc    00000004     rts2800_ml.lib : _lock.obj (.ebss)
                  000094c0    00000200     drv_modbus.obj (.ebss)
                  000096c0    000001b4     protections.obj (.ebss)
                  00009874    00000004     rts2800_ml.lib : exit.obj (.ebss)
                  00009878    00000004     value_conv_v01.02.l28 : value_conv.obj (.ebss)
                  0000987c    00000002     VlvDrvCtrl.obj (.ebss)
                  0000987e    00000001     menu2x.obj (.ebss)
                  0000987f    00000001     --HOLE--
                  00009880    00000170     display.obj (.ebss)
                  000099f0    00000010     --HOLE--
                  00009a00    00000064     serial_communication.obj (.ebss)

CsmPwlFile 
*          1    003f7ff8    00000008     UNINITIALIZED
                  003f7ff8    00000008     csl_v01.03.l280x : DSP280x_GlobalVariableDefs.obj (CsmPwlFile)


GLOBAL SYMBOLS: SORTED ALPHABETICALLY BY Name 

address    name
--------   ----
003e8000   .text
003eecf6   C$$EXIT
003eed0f   FS$$CMP
003eec7b   I$$DIV
003eec8c   I$$MOD
003eed99   U$$DIV
003eed9e   U$$MOD
003eed6f   U$$TOFS
003eed3c   UL$$TOFS
003eeb8d   _ADT7301_Update
003edbb6   _AT25XXX_Init
003edd3e   _AT25XXX_ReadByte
003edd02   _AT25XXX_ReadStatus
003edbd2   _AT25XXX_Update
003edd35   _AT25XXX_WaitBusy
003edd64   _AT25XXX_WriteByte
003edd9f   _AT25XXX_WriteDisable
003edd8c   _AT25XXX_WriteEnable
003edd1c   _AT25XXX_WriteStatus
00008dda   _AbsSpeed
00000b00   _AdcMirror
00007100   _AdcRegs
003e9a8d   _AddControl
003f2f8a   _AddStr
003e9ec1   _AlgControl
0000874f   _AnUIArray
00008dd0   _Ang
00008dc0   _AngleUI
003eec68   _ApFilter1Calc
003eec4e   _ApFilter1Init
003eec4a   _ApFilter1Reset
003eeb54   _ApFilter3Calc
003eeb38   _ApFilter3Init
003eeb2d   _ApFilter3Reset
003edaec   _AtMegaAvagoEncoderCalc
003eda7c   _AvagoEncoderCalc
003ee205   _Average2PhaseIntegral
003ee1f6   _AverageCalc
003ee1e3   _AverageDigCalc
003ee1cf   _AverageDigInt
003ee1b5   _AverageIntIntegral
003ee19e   _AverageUnsIntegral
003ed750   _BinToStr
003ed734   _BinToStr4s
0000871b   _BlinkTimer
003e9d0f   _BlkSignalization
00009280   _BlockTemper
00009a40   _Bluetooth
003ecf28   _BluetoothRxHandler
003ecf3b   _BluetoothTxHandler
00008dcf   _BreakFlag
003ee25e   _BtHardwareSetup
003ecf41   _BtTimer
003ecdca   _BtWTInit
003ecdd7   _BtWTUpdate
00009310   _BtnClose
00009284   _BtnLevel
0000871c   _BtnOldStatus
00009300   _BtnOpen
00009286   _BtnStatus
000092ee   _BtnStop_DU
000092de   _BtnStop_MU
00009285   _BtnTout
0000980c   _BvR
00009800   _BvS
00009818   _BvT
003ecc9d   _CalcClbAbsRev
003eccdb   _CalcClbCycle
003ecc98   _CalcClbGearInv
003eccb1   _CalcClbGearRev
003ecccb   _CalcClbPercentToAbs
00008800   _Calib
003e8aa7   _CalibStop
003eca1c   _Calibration
0000870a   _CancelTimer
003eeab0   _CheckRange
003ee26e   _CheckSciCommErr
003ecf4a   _CheckString
003e9f08   _ClbControl
00008710   _ClearLogFlag
0000870d   _ClearLogSource
003ece9f   _ClearValues
003eed7f   _ConfigCpuTimer
0000928f   _ContStopErrTimer
0000928e   _ContTest
00009290   _ContTestTimer
003e8a53   _ControlMode
00008002   _CpuTime
00008003   _CpuTime1
00008000   _CpuTime2
00008001   _CpuTimeMax
003ee3b9   _CpuTimer0IsrHandler
00000c00   _CpuTimer0Regs
00000c08   _CpuTimer1Regs
00000c10   _CpuTimer2Regs
000095c0   _CrcTable
00009a00   _CsAtBusy
003f7ff8   _CsmPwl
00000ae0   _CsmRegs
003e8e06   _CubCalc
003e8d6c   _CubInit
003e8dda   _CubRefresh
00008754   _CurrArray
00009487   _CurrentLogCnt
00009486   _CurrentLogRec
003ee965   _DAC7513_Update
003ed93a   _DISPL_AddSymb
003ed912   _DISPL_Update
003ee480   _DS1305_Init
003ee496   _DS1305_Read
003ee4ad   _DS1305_Update
003ee4a1   _DS1305_Write
000092c0   _Dac
003e9482   _DataBufferPre
00008715   _DataError
003e93b5   _DataSetting
00009879   _DateSeparator
003ed6fc   _DateToStr
003ed6c3   _DateToStr4s
00009a01   _DbgDiscrIn
00008ddb   _DbgEncoder
00008714   _DbgLog
00008de2   _DbgStop
00008dc1   _DebugStartDelayCnt
003ed66d   _DecToStr
003ed643   _DecToStr4s
0000870c   _DefAddr
00008718   _DefCode
00008717   _DefFlag
000096d6   _Defects
003ecb6f   _DefineCalibParams
003e88d7   _DefineCtrlParams
003eed4f   _DelayUs
00000880   _DevEmuRegs
003ee176   _DiffInputCalc
003eead2   _DisableDog
003eb909   _DiscrInOutTestObserver
0000928a   _DisplTesNum
00009440   _Display
003ed94e   _DisplayReset
0000870f   _DisplayRestartFlag
00008709   _DisplayRestartTimer
003e934b   _DisplayStart
0000870b   _DisplayTimer
00008df6   _Dmc
003e8cc2   _DmcControlRefresh
003e871e   _DmcIndication1
003e87e4   _DmcIndication2
00008dd6   _DmcRefrState
003ec078   _DownloadFunc
00009730   _DrvT
000096c0   _DrvTTout
000092aa   _Ds1305
00008dde   _DynBrakeEnable
00008dd8   _DynModeTimer
00006040   _ECanaLAMRegs
000060c0   _ECanaMOTORegs
00006080   _ECanaMOTSRegs
00006100   _ECanaMboxes
00006000   _ECanaRegs
00006240   _ECanbLAMRegs
000062c0   _ECanbMOTORegs
00006280   _ECanbMOTSRegs
00006300   _ECanbMboxes
00006200   _ECanbRegs
00006a00   _ECap1Regs
00006a20   _ECap2Regs
00006a40   _ECap3Regs
00006a60   _ECap4Regs
003eb7e2   _EEPROM_Func
003eb7db   _EEPROM_Update
00006800   _EPwm1Regs
00006840   _EPwm2Regs
00006880   _EPwm3Regs
000068c0   _EPwm4Regs
00006900   _EPwm5Regs
00006940   _EPwm6Regs
00006b00   _EQep1Regs
00006b40   _EQep2Regs
00009360   _Eeprom1
00009380   _Eeprom2
003ed9f0   _EleSyEncoderCalc
003f259c   _ElemNames
003ee27e   _EnableBtRx
003ee285   _EnableBtTx
003e9895   _EnableEdit
003eec37   _EnableInterrupts
00009392   _Encoder
003eb5b4   _EngPhOrdPrt
000096c6   _EngPhOrdValue
0000987e   _ExpNextStateRdy
00009288   _ExtReg
003eb2a1   _FaultIndication
000096c1   _Fault_Delay
000096d2   _Faults
00000a80   _FlashRegs
0000987b   _FloatPositive
0000987a   _FloatSeparator
003ed9b0   _FrabaEncoderCalc
00008df0   _GearRatioDef
003e9638   _GetCurrentCmd
003e9952   _GetExpressState
003e9906   _GetExpressText
00006f80   _GpioCtrlRegs
00006fc0   _GpioDataRegs
00006fe0   _GpioIntRegs
0000873a   _GrA
00008732   _GrB
00008730   _GrC
00008734   _GrD
00008738   _GrE
0000873c   _GrG
00008736   _GrH
003ed61c   _HexToStr
003ed5ec   _HexToStr4s
000096c4   _HighTemper
00007900   _I2caRegs
000096e6   _I2tMax
000096da   _I2tMid
000096f2   _I2tMin
003ffad8   _IQ10mpyRndSatTable
003ffacc   _IQ11mpyRndSatTable
003ffac0   _IQ12mpyRndSatTable
003ffab4   _IQ13mpyRndSatTable
003ffaa8   _IQ14mpyRndSatTable
003ffa9c   _IQ15mpyRndSatTable
003ffa90   _IQ16mpyRndSatTable
003ffa84   _IQ17mpyRndSatTable
003ffa78   _IQ18mpyRndSatTable
003ffa6c   _IQ19mpyRndSatTable
003ffb44   _IQ1mpyRndSatTable
003ffa60   _IQ20mpyRndSatTable
003ffa54   _IQ21mpyRndSatTable
003ffa48   _IQ22mpyRndSatTable
003ffa3c   _IQ23mpyRndSatTable
003ffa30   _IQ24mpyRndSatTable
003ffa24   _IQ25mpyRndSatTable
003ffa18   _IQ26mpyRndSatTable
003ffa0c   _IQ27mpyRndSatTable
003ffa00   _IQ28mpyRndSatTable
003ff9f4   _IQ29mpyRndSatTable
003ffb38   _IQ2mpyRndSatTable
003ff9e8   _IQ30mpyRndSatTable
003ffb2c   _IQ3mpyRndSatTable
003ffb20   _IQ4mpyRndSatTable
003ffb14   _IQ5mpyRndSatTable
003ffb08   _IQ6mpyRndSatTable
003ffafc   _IQ7mpyRndSatTable
003ffaf0   _IQ8mpyRndSatTable
003ffae4   _IQ9mpyRndSatTable
003ff824   _IQatan2HalfPITable
003ff862   _IQatan2Table
003ff9e8   _IQatan2TableEnd
003ff100   _IQcosTable
003ff502   _IQcosTableEnd
003ff502   _IQdivRoundSatTable
003ff510   _IQdivTable
003ff712   _IQdivTableEnd
003ff712   _IQisqrtRoundSatTable
003ff722   _IQisqrtTable
003ff824   _IQisqrtTableEnd
003ff9e8   _IQmpyRndSatTable
003ffb50   _IQmpyRndSatTableEnd
003ff000   _IQsinTable
003ff400   _IQsinTableEnd
003ff712   _IQsqrtRoundSatTable
003ff722   _IQsqrtTable
003ff824   _IQsqrtTableEnd
0000974c   _ISkew
00008e08   _IU
00008f16   _IUfltr
00009764   _IUnLoad
00008e28   _IV
00008f40   _IVfltr
00008e20   _IW
00008f00   _IWfltr
00008794   _Icons
00008dea   _Iload
00008b00   _Im
003ea01b   _ImBufferReader
0000948d   _ImCmdLogAddrsTable
00009492   _ImEvLogBufAddrsTable
0000949e   _ImEvLogMainAddrsTable
00009488   _ImParamLogAddrsTable
00008940   _ImReadBuf
003ec120   _ImReceiveData
003ebfb9   _ImReset
003ec178   _ImTimer
003ebf95   _ImUpdate
00008ec0   _Imfltr
00008dc8   _Imid
00008dc7   _Imidpr
00000480   _InitFlash
003ed268   _InitHardware
003eeb1a   _InitPeripheralClocks
003eec18   _InitPieCtrl
003eed2b   _InitPieVectTable
003eeada   _InitPll
003ee94f   _InitSciaGpio
003ee939   _InitScibGpio
003ee631   _InitSpiaGpio
003ee619   _InitSpibGpio
003ee5f8   _InitSpicGpio
003ee5d9   _InitSpidGpio
003eeb26   _InitSysCtrl
00008dce   _Inom
00008e54   _InomDef
003e936b   _InterfIndication
00008716   _InterfRefrState
003e9261   _InterfaceInit
003e942d   _InterfaceRefresh
00008ded   _Ipr
00008728   _IrImpCount
003eb360   _IsDefectExist
0000870e   _IsDriveTypeShow
003eb477   _IsFaultExist
000096c3   _IsShcReset
00008ddd   _KickCounter
00008dcd   _KickModeEnable
00008de4   _KickModeTimer
00008dd2   _KickSetAngle
003eeaa2   _LIntersection
00008727   _LcdEnable
00008100   _List0
00008180   _List1
00008540   _List2
00008240   _List3
000083c0   _List4
00008080   _ListM
003e9b2f   _LocalControl
00008780   _LogCmd
003e96c2   _LogCmdControl
003ee079   _LogCmdUpdate
000088c0   _LogEv
00008722   _LogEvBufCurIndex
00008700   _LogEvBufIndex
0000872c   _LogEvBufSeconds
00008880   _LogEvBuffer
003e9524   _LogEvControl
00008724   _LogEvMainDataFlag
0000872b   _LogEvSecondsRead
003edf84   _LogEvUpdate
003ee0de   _LogInputCalc
000087c0   _LogParam
003e9775   _LogParamControl
003e9748   _LogParamMbExec
003ee0b2   _LogParamUpdate
003e8c14   _LowPowerControl
00008dd4   _LowPowerReset
00008dd1   _LowPowerTimer
003eab21   _MENU_Display
003eab76   _MENU_ReadDcr
003eaae6   _MENU_Update
003eea99   _Max3IntValue
003eea8d   _Max3UnsValue
00009500   _Mb
000094c0   _MbConnect
000094c8   _MbTmpData
00008840   _Mcu
003eed5f   _MemCopy
000094b7   _MemDbg
00008a00   _Menu
003eea81   _Mid3IntValue
003eea75   _Mid3UnsValue
003eea6c   _Min3IntValue
003eea5f   _Min3UnsValue
003ec37f   _ModBusControl
00008e30   _MomMaxDef
003e8f79   _MonitorUpdate1
003e86a7   _MotorControlInit
003e8706   _MotorControlUpdate
00009864   _Muf
000096cb   _MuffFlag
000096c8   _OtTime
00009798   _OvR
00009830   _OvR_Def
00009840   _OvR_max
0000978c   _OvS
00009824   _OvS_Def
00009858   _OvS_max
000097a4   _OvT
0000984c   _OvT_Def
000097f0   _OvT_max
000096c9   _OverWayFlag
003eecbe   _PFUNC_blkRead
003eecc3   _PFUNC_blkWrite
003eecc8   _PFUNC_strRead
003eecce   _PFUNC_strWrite
003eecd4   _PFUNC_wordRead
003eecd8   _PFUNC_wordWrite
003eed26   _PHANTOM_ISR
00008dd7   _PauseModeTimer
00008711   _PduKeyFlag
00008e4a   _PhEl
000096c2   _PhOrdTimer
00008e6c   _Phifltr
00009718   _PhlU
00009700   _PhlV
0000970c   _PhlW
003ee32f   _PiCalcCRC
00009a0f   _PiData
003ee298   _PiUpdate
00000ce0   _PieCtrlRegs
00000d00   _PieVectTable
003e9139   _PowerCheck
0000871f   _PowerEnable
003e9412   _PowerOff
00008701   _PowerOffCnt
003e93e7   _PowerOn
00008706   _PowerOnCnt
00008dca   _PowerSupplyCnt
00008dcb   _PowerSupplyEnable
00008024   _Prd0
00008040   _Prd1
00008010   _Prd2
00008068   _Prd3
00008054   _Prd4
003ee89f   _PrdCreate
003ee7fd   _PrdElemExecute
003ee85e   _PrdExecute
003ee836   _PrdInsert
0000871a   _PrevCycle
00008743   _PrevLogAddr
00008740   _PrevLogCount
00008de3   _PreventModeTimer
003eb1f4   _ProtectionsClear
003eb22e   _ProtectionsControl
003eb044   _ProtectionsEnable
003eaff9   _ProtectionsInit
003eb21b   _ProtectionsReset
003eb01e   _ProtectionsUpdate
003ee9f1   _PrtCalc
00009291   _Pult
0000872d   _PultActiveTimer
003ee666   _PultImpulseCapture
003ee6cb   _PultKeyExecute
003ee6b4   _PultTimer
003ede3e   _RTC_DefMaxDay
003ede7e   _RTC_GetDate
003ede66   _RTC_GetTime
003edeec   _RTC_SetDate
003ede9f   _RTC_SetTime
003ede1e   _RTC_Tick
003edf45   _RTC_TimeCorr
003eddb2   _RTC_Update
00008c00   _Ram
000087d8   _RamTek
00009282   _RamUpdFlag
00009281   _ReadFlag
0000872e   _ReadLogFlag
003eb7c5   _ReadParams
003ee28c   _ReceiveBtByte
003ebfc2   _ReceiveFunc
003e9392   _RefreshData
003e9c13   _RemoteControl
00008dcc   _ReqDirection
003eb726   _RimDevicesInit
003eb751   _RimDevicesRefresh
003eb838   _RimIndication
0000928c   _RimRefrState
00009298   _Rtc
003eb887   _RtcControl
00009287   _RtcStart
00008004   _Rtos
003ee81a   _RtosExecute
00008dd5   _RunStatus
000094b2   _RxState
003ee930   _SCI_getstatus
003ee904   _SCI_init
003ee8fb   _SCI_recieve
003ee8ef   _SCI_reset
003ee8e3   _SCI_rx_disable
003ee8d7   _SCI_rx_enable
003ee8cc   _SCI_transmit
003ee8c0   _SCI_tx_disable
003ee8b4   _SCI_tx_enable
00008db0   _SPI_Idents
003ee5ac   _SPI_init
003ee5a1   _SPI_ready
003ee598   _SPI_recieve
003ee57e   _SPI_send
003ee56c   _SPI_transmit
00008dc4   _SaveContactorDirection
00008dd9   _SaveDirection
000094b8   _SciRegs
00007050   _SciaRegs
003ee423   _SciaRxIsrHandler
003ee43d   _SciaTxIsrHandler
00007750   _ScibRegs
003ee3ef   _ScibRxIsrHandler
003ee409   _ScibTxIsrHandler
003eceaa   _SendCommandOne
003ecee8   _SendCommandTwo
003ec13a   _SendData
003ecf8a   _SendOneString
003ecfad   _SendTwoString
003ec375   _SerialCommInit
003ec460   _SerialCommRefresh
003ec3d2   _SerialCommRxHandler
003ec432   _SerialCommTimings
003ec407   _SerialCommTxHandler
003ec38d   _SerialCommUpdate
003ee226   _SerialCommunicationInit
003eeac8   _ServiceDog
003eedd9   _SetDBGIER
003eb8de   _SetPlisAddr
003eb80d   _SetPlisData
000096ca   _ShCLevel
003e97fb   _ShowDriveType
00008712   _ShowDriveTypeTimer
00008e80   _Sifu
003e916e   _SifuControlForDynBrake
003e8bd0   _SpeedCalc
00008db8   _SpiRegs
00007040   _SpiaRegs
00007740   _SpibRegs
00007760   _SpicRegs
00007780   _SpidRegs
003e985c   _StartDispl
003e89a9   _StartPowerControl
003e897a   _StopPowerControl
00009a02   _StrDev
003ed5e3   _StrToBin
003ed5c6   _StrToDate
003ed59c   _StrToDec
003ed585   _StrToHex
003ed571   _StrToTime
00007010   _SysCtrlRegs
003eb94f   _TekModbusParamsUpdate
00008713   _TempMuDu
000092a0   _TempSens
00009283   _TemperTimer
0000928d   _TenEnable
00008de6   _TestModeTimer
00009758   _Th
00009740   _Th_Err
00009878   _TimeSeparator
003ed54b   _TimeToStr
003ed52a   _TimeToStr4s
00009724   _Tl
00008f80   _Torq
0000874a   _TorqArray
003e8af8   _TorqueCalc
00008dc6   _TorqueMax
00008dc5   _TorqueUser
0000876a   _TqAngSf
0000875a   _TqAngUI
00008762   _TqCurr
00008e40   _TransCurrDef
003ee290   _TransmitBtByte
00008ed6   _Trqfltr
003e9df9   _TsSignalization
00009350   _TuClose
00009330   _TuDu
000092ce   _TuMu
00009340   _TuOpen
00009320   _TuStop
00008e10   _UR
00008ea6   _URfltr
00008e18   _US
00008e90   _USfltr
00008e00   _UT
00008f56   _UTfltr
00008e5e   _Umfltr
00008dc3   _Umid
00008de5   _UporModeTimer
000096c7   _UtTime
000097b0   _UvR
000097d8   _UvR_Def
000097cc   _UvS
00009780   _UvS_Def
000097c0   _UvT
00009770   _UvT_Def
003ec998   _ValveDriveMove
003ec950   _ValveDriveStop
003ec937   _ValveDriveUpdate
00008746   _VoltArray
000097e4   _Vsk
000096c5   _VskTimer
003e98b1   _WriteValue
00007070   _XIntruptRegs
00008dc9   _ZazorTimer
003f436f   __IQ1div
003f43b6   __IQ22div
003f4522   __IQ22rmpy
003f43fd   __IQ24div
003f452f   __IQ24rmpy
003f44d2   __IQ24sqrt
003f4444   __IQ25div
003f453c   __IQ25rmpy
003f4514   __IQ5rmpy
003f448b   __IQ7div
00000200   __STACK_END
00000200   __STACK_SIZE
00000001   __TI_args_main
ffffffff   ___binit__
ffffffff   ___c_args__
003f3337   ___cinit__
003eeddc   ___etext__
003eec9d   ___memcpy_ff
ffffffff   ___pinit__
003e8000   ___text__
003eecdb   __args_main
00009874   __cleanup_ptr
00009876   __dtors_ptr
000094be   __lock
003eedc0   __nop
003eedbc   __register_lock
003eedb8   __register_unlock
00000000   __stack
000094bc   __unlock
003eecf6   _abort
00009180   _buffer1
00009080   _buffer2
003eebd4   _c_int00
00008ddf   _dot
00008ddc   _dot_max
003ed2d2   _drive1
003ed4ee   _drive10
003ed52a   _drive11
003ed52a   _drive12
003ed52a   _drive13
003ed52a   _drive14
003ed52a   _drive15
003ed52a   _drive16
003ed52a   _drive17
003ed52a   _drive18
003ed52a   _drive19
003ed30e   _drive2
003ed52a   _drive20
003ed34a   _drive3
003ed386   _drive4
003ed3c2   _drive5
003ed3fe   _drive6
003ed43a   _drive7
003ed476   _drive8
003ed4b2   _drive9
003eecf8   _exit
003f318a   _groups
003ee799   _ileg_fq_calc
003ee75a   _ileg_trn_calc
003ee38e   _main
003eedd2   _memset
00008de0   _mon_index
003eeddc   _params
003ee72e   _ph_order_trn
00008dc2   _program
003f436f   _secureRamFuncs_loadend
003f4350   _secureRamFuncs_loadstart
00000480   _secureRamFuncs_runstart
003e9080   _sifu_calc2
003eed8e   _strchr
003eeda4   _strcmp
003eedc1   _strcpy
003eedae   _strlen
003f165c   _values
ffffffff   binit
003f3337   cinit
003f7ff6   code_start
003eeddc   etext
ffffffff   pinit


GLOBAL SYMBOLS: SORTED BY Symbol Address 

address    name
--------   ----
00000000   __stack
00000001   __TI_args_main
00000200   __STACK_END
00000200   __STACK_SIZE
00000480   _InitFlash
00000480   _secureRamFuncs_runstart
00000880   _DevEmuRegs
00000a80   _FlashRegs
00000ae0   _CsmRegs
00000b00   _AdcMirror
00000c00   _CpuTimer0Regs
00000c08   _CpuTimer1Regs
00000c10   _CpuTimer2Regs
00000ce0   _PieCtrlRegs
00000d00   _PieVectTable
00006000   _ECanaRegs
00006040   _ECanaLAMRegs
00006080   _ECanaMOTSRegs
000060c0   _ECanaMOTORegs
00006100   _ECanaMboxes
00006200   _ECanbRegs
00006240   _ECanbLAMRegs
00006280   _ECanbMOTSRegs
000062c0   _ECanbMOTORegs
00006300   _ECanbMboxes
00006800   _EPwm1Regs
00006840   _EPwm2Regs
00006880   _EPwm3Regs
000068c0   _EPwm4Regs
00006900   _EPwm5Regs
00006940   _EPwm6Regs
00006a00   _ECap1Regs
00006a20   _ECap2Regs
00006a40   _ECap3Regs
00006a60   _ECap4Regs
00006b00   _EQep1Regs
00006b40   _EQep2Regs
00006f80   _GpioCtrlRegs
00006fc0   _GpioDataRegs
00006fe0   _GpioIntRegs
00007010   _SysCtrlRegs
00007040   _SpiaRegs
00007050   _SciaRegs
00007070   _XIntruptRegs
00007100   _AdcRegs
00007740   _SpibRegs
00007750   _ScibRegs
00007760   _SpicRegs
00007780   _SpidRegs
00007900   _I2caRegs
00008000   _CpuTime2
00008001   _CpuTimeMax
00008002   _CpuTime
00008003   _CpuTime1
00008004   _Rtos
00008010   _Prd2
00008024   _Prd0
00008040   _Prd1
00008054   _Prd4
00008068   _Prd3
00008080   _ListM
00008100   _List0
00008180   _List1
00008240   _List3
000083c0   _List4
00008540   _List2
00008700   _LogEvBufIndex
00008701   _PowerOffCnt
00008706   _PowerOnCnt
00008709   _DisplayRestartTimer
0000870a   _CancelTimer
0000870b   _DisplayTimer
0000870c   _DefAddr
0000870d   _ClearLogSource
0000870e   _IsDriveTypeShow
0000870f   _DisplayRestartFlag
00008710   _ClearLogFlag
00008711   _PduKeyFlag
00008712   _ShowDriveTypeTimer
00008713   _TempMuDu
00008714   _DbgLog
00008715   _DataError
00008716   _InterfRefrState
00008717   _DefFlag
00008718   _DefCode
0000871a   _PrevCycle
0000871b   _BlinkTimer
0000871c   _BtnOldStatus
0000871f   _PowerEnable
00008722   _LogEvBufCurIndex
00008724   _LogEvMainDataFlag
00008727   _LcdEnable
00008728   _IrImpCount
0000872b   _LogEvSecondsRead
0000872c   _LogEvBufSeconds
0000872d   _PultActiveTimer
0000872e   _ReadLogFlag
00008730   _GrC
00008732   _GrB
00008734   _GrD
00008736   _GrH
00008738   _GrE
0000873a   _GrA
0000873c   _GrG
00008740   _PrevLogCount
00008743   _PrevLogAddr
00008746   _VoltArray
0000874a   _TorqArray
0000874f   _AnUIArray
00008754   _CurrArray
0000875a   _TqAngUI
00008762   _TqCurr
0000876a   _TqAngSf
00008780   _LogCmd
00008794   _Icons
000087c0   _LogParam
000087d8   _RamTek
00008800   _Calib
00008840   _Mcu
00008880   _LogEvBuffer
000088c0   _LogEv
00008940   _ImReadBuf
00008a00   _Menu
00008b00   _Im
00008c00   _Ram
00008db0   _SPI_Idents
00008db8   _SpiRegs
00008dc0   _AngleUI
00008dc1   _DebugStartDelayCnt
00008dc2   _program
00008dc3   _Umid
00008dc4   _SaveContactorDirection
00008dc5   _TorqueUser
00008dc6   _TorqueMax
00008dc7   _Imidpr
00008dc8   _Imid
00008dc9   _ZazorTimer
00008dca   _PowerSupplyCnt
00008dcb   _PowerSupplyEnable
00008dcc   _ReqDirection
00008dcd   _KickModeEnable
00008dce   _Inom
00008dcf   _BreakFlag
00008dd0   _Ang
00008dd1   _LowPowerTimer
00008dd2   _KickSetAngle
00008dd4   _LowPowerReset
00008dd5   _RunStatus
00008dd6   _DmcRefrState
00008dd7   _PauseModeTimer
00008dd8   _DynModeTimer
00008dd9   _SaveDirection
00008dda   _AbsSpeed
00008ddb   _DbgEncoder
00008ddc   _dot_max
00008ddd   _KickCounter
00008dde   _DynBrakeEnable
00008ddf   _dot
00008de0   _mon_index
00008de2   _DbgStop
00008de3   _PreventModeTimer
00008de4   _KickModeTimer
00008de5   _UporModeTimer
00008de6   _TestModeTimer
00008dea   _Iload
00008ded   _Ipr
00008df0   _GearRatioDef
00008df6   _Dmc
00008e00   _UT
00008e08   _IU
00008e10   _UR
00008e18   _US
00008e20   _IW
00008e28   _IV
00008e30   _MomMaxDef
00008e40   _TransCurrDef
00008e4a   _PhEl
00008e54   _InomDef
00008e5e   _Umfltr
00008e6c   _Phifltr
00008e80   _Sifu
00008e90   _USfltr
00008ea6   _URfltr
00008ec0   _Imfltr
00008ed6   _Trqfltr
00008f00   _IWfltr
00008f16   _IUfltr
00008f40   _IVfltr
00008f56   _UTfltr
00008f80   _Torq
00009080   _buffer2
00009180   _buffer1
00009280   _BlockTemper
00009281   _ReadFlag
00009282   _RamUpdFlag
00009283   _TemperTimer
00009284   _BtnLevel
00009285   _BtnTout
00009286   _BtnStatus
00009287   _RtcStart
00009288   _ExtReg
0000928a   _DisplTesNum
0000928c   _RimRefrState
0000928d   _TenEnable
0000928e   _ContTest
0000928f   _ContStopErrTimer
00009290   _ContTestTimer
00009291   _Pult
00009298   _Rtc
000092a0   _TempSens
000092aa   _Ds1305
000092c0   _Dac
000092ce   _TuMu
000092de   _BtnStop_MU
000092ee   _BtnStop_DU
00009300   _BtnOpen
00009310   _BtnClose
00009320   _TuStop
00009330   _TuDu
00009340   _TuOpen
00009350   _TuClose
00009360   _Eeprom1
00009380   _Eeprom2
00009392   _Encoder
00009440   _Display
00009486   _CurrentLogRec
00009487   _CurrentLogCnt
00009488   _ImParamLogAddrsTable
0000948d   _ImCmdLogAddrsTable
00009492   _ImEvLogBufAddrsTable
0000949e   _ImEvLogMainAddrsTable
000094b2   _RxState
000094b7   _MemDbg
000094b8   _SciRegs
000094bc   __unlock
000094be   __lock
000094c0   _MbConnect
000094c8   _MbTmpData
00009500   _Mb
000095c0   _CrcTable
000096c0   _DrvTTout
000096c1   _Fault_Delay
000096c2   _PhOrdTimer
000096c3   _IsShcReset
000096c4   _HighTemper
000096c5   _VskTimer
000096c6   _EngPhOrdValue
000096c7   _UtTime
000096c8   _OtTime
000096c9   _OverWayFlag
000096ca   _ShCLevel
000096cb   _MuffFlag
000096d2   _Faults
000096d6   _Defects
000096da   _I2tMid
000096e6   _I2tMax
000096f2   _I2tMin
00009700   _PhlV
0000970c   _PhlW
00009718   _PhlU
00009724   _Tl
00009730   _DrvT
00009740   _Th_Err
0000974c   _ISkew
00009758   _Th
00009764   _IUnLoad
00009770   _UvT_Def
00009780   _UvS_Def
0000978c   _OvS
00009798   _OvR
000097a4   _OvT
000097b0   _UvR
000097c0   _UvT
000097cc   _UvS
000097d8   _UvR_Def
000097e4   _Vsk
000097f0   _OvT_max
00009800   _BvS
0000980c   _BvR
00009818   _BvT
00009824   _OvS_Def
00009830   _OvR_Def
00009840   _OvR_max
0000984c   _OvT_Def
00009858   _OvS_max
00009864   _Muf
00009874   __cleanup_ptr
00009876   __dtors_ptr
00009878   _TimeSeparator
00009879   _DateSeparator
0000987a   _FloatSeparator
0000987b   _FloatPositive
0000987e   _ExpNextStateRdy
00009a00   _CsAtBusy
00009a01   _DbgDiscrIn
00009a02   _StrDev
00009a0f   _PiData
00009a40   _Bluetooth
003e8000   .text
003e8000   ___text__
003e86a7   _MotorControlInit
003e8706   _MotorControlUpdate
003e871e   _DmcIndication1
003e87e4   _DmcIndication2
003e88d7   _DefineCtrlParams
003e897a   _StopPowerControl
003e89a9   _StartPowerControl
003e8a53   _ControlMode
003e8aa7   _CalibStop
003e8af8   _TorqueCalc
003e8bd0   _SpeedCalc
003e8c14   _LowPowerControl
003e8cc2   _DmcControlRefresh
003e8d6c   _CubInit
003e8dda   _CubRefresh
003e8e06   _CubCalc
003e8f79   _MonitorUpdate1
003e9080   _sifu_calc2
003e9139   _PowerCheck
003e916e   _SifuControlForDynBrake
003e9261   _InterfaceInit
003e934b   _DisplayStart
003e936b   _InterfIndication
003e9392   _RefreshData
003e93b5   _DataSetting
003e93e7   _PowerOn
003e9412   _PowerOff
003e942d   _InterfaceRefresh
003e9482   _DataBufferPre
003e9524   _LogEvControl
003e9638   _GetCurrentCmd
003e96c2   _LogCmdControl
003e9748   _LogParamMbExec
003e9775   _LogParamControl
003e97fb   _ShowDriveType
003e985c   _StartDispl
003e9895   _EnableEdit
003e98b1   _WriteValue
003e9906   _GetExpressText
003e9952   _GetExpressState
003e9a8d   _AddControl
003e9b2f   _LocalControl
003e9c13   _RemoteControl
003e9d0f   _BlkSignalization
003e9df9   _TsSignalization
003e9ec1   _AlgControl
003e9f08   _ClbControl
003ea01b   _ImBufferReader
003eaae6   _MENU_Update
003eab21   _MENU_Display
003eab76   _MENU_ReadDcr
003eaff9   _ProtectionsInit
003eb01e   _ProtectionsUpdate
003eb044   _ProtectionsEnable
003eb1f4   _ProtectionsClear
003eb21b   _ProtectionsReset
003eb22e   _ProtectionsControl
003eb2a1   _FaultIndication
003eb360   _IsDefectExist
003eb477   _IsFaultExist
003eb5b4   _EngPhOrdPrt
003eb726   _RimDevicesInit
003eb751   _RimDevicesRefresh
003eb7c5   _ReadParams
003eb7db   _EEPROM_Update
003eb7e2   _EEPROM_Func
003eb80d   _SetPlisData
003eb838   _RimIndication
003eb887   _RtcControl
003eb8de   _SetPlisAddr
003eb909   _DiscrInOutTestObserver
003eb94f   _TekModbusParamsUpdate
003ebf95   _ImUpdate
003ebfb9   _ImReset
003ebfc2   _ReceiveFunc
003ec078   _DownloadFunc
003ec120   _ImReceiveData
003ec13a   _SendData
003ec178   _ImTimer
003ec375   _SerialCommInit
003ec37f   _ModBusControl
003ec38d   _SerialCommUpdate
003ec3d2   _SerialCommRxHandler
003ec407   _SerialCommTxHandler
003ec432   _SerialCommTimings
003ec460   _SerialCommRefresh
003ec937   _ValveDriveUpdate
003ec950   _ValveDriveStop
003ec998   _ValveDriveMove
003eca1c   _Calibration
003ecb6f   _DefineCalibParams
003ecc98   _CalcClbGearInv
003ecc9d   _CalcClbAbsRev
003eccb1   _CalcClbGearRev
003ecccb   _CalcClbPercentToAbs
003eccdb   _CalcClbCycle
003ecdca   _BtWTInit
003ecdd7   _BtWTUpdate
003ece9f   _ClearValues
003eceaa   _SendCommandOne
003ecee8   _SendCommandTwo
003ecf28   _BluetoothRxHandler
003ecf3b   _BluetoothTxHandler
003ecf41   _BtTimer
003ecf4a   _CheckString
003ecf8a   _SendOneString
003ecfad   _SendTwoString
003ed268   _InitHardware
003ed2d2   _drive1
003ed30e   _drive2
003ed34a   _drive3
003ed386   _drive4
003ed3c2   _drive5
003ed3fe   _drive6
003ed43a   _drive7
003ed476   _drive8
003ed4b2   _drive9
003ed4ee   _drive10
003ed52a   _TimeToStr4s
003ed52a   _drive11
003ed52a   _drive12
003ed52a   _drive13
003ed52a   _drive14
003ed52a   _drive15
003ed52a   _drive16
003ed52a   _drive17
003ed52a   _drive18
003ed52a   _drive19
003ed52a   _drive20
003ed54b   _TimeToStr
003ed571   _StrToTime
003ed585   _StrToHex
003ed59c   _StrToDec
003ed5c6   _StrToDate
003ed5e3   _StrToBin
003ed5ec   _HexToStr4s
003ed61c   _HexToStr
003ed643   _DecToStr4s
003ed66d   _DecToStr
003ed6c3   _DateToStr4s
003ed6fc   _DateToStr
003ed734   _BinToStr4s
003ed750   _BinToStr
003ed912   _DISPL_Update
003ed93a   _DISPL_AddSymb
003ed94e   _DisplayReset
003ed9b0   _FrabaEncoderCalc
003ed9f0   _EleSyEncoderCalc
003eda7c   _AvagoEncoderCalc
003edaec   _AtMegaAvagoEncoderCalc
003edbb6   _AT25XXX_Init
003edbd2   _AT25XXX_Update
003edd02   _AT25XXX_ReadStatus
003edd1c   _AT25XXX_WriteStatus
003edd35   _AT25XXX_WaitBusy
003edd3e   _AT25XXX_ReadByte
003edd64   _AT25XXX_WriteByte
003edd8c   _AT25XXX_WriteEnable
003edd9f   _AT25XXX_WriteDisable
003eddb2   _RTC_Update
003ede1e   _RTC_Tick
003ede3e   _RTC_DefMaxDay
003ede66   _RTC_GetTime
003ede7e   _RTC_GetDate
003ede9f   _RTC_SetTime
003edeec   _RTC_SetDate
003edf45   _RTC_TimeCorr
003edf84   _LogEvUpdate
003ee079   _LogCmdUpdate
003ee0b2   _LogParamUpdate
003ee0de   _LogInputCalc
003ee176   _DiffInputCalc
003ee19e   _AverageUnsIntegral
003ee1b5   _AverageIntIntegral
003ee1cf   _AverageDigInt
003ee1e3   _AverageDigCalc
003ee1f6   _AverageCalc
003ee205   _Average2PhaseIntegral
003ee226   _SerialCommunicationInit
003ee25e   _BtHardwareSetup
003ee26e   _CheckSciCommErr
003ee27e   _EnableBtRx
003ee285   _EnableBtTx
003ee28c   _ReceiveBtByte
003ee290   _TransmitBtByte
003ee298   _PiUpdate
003ee32f   _PiCalcCRC
003ee38e   _main
003ee3b9   _CpuTimer0IsrHandler
003ee3ef   _ScibRxIsrHandler
003ee409   _ScibTxIsrHandler
003ee423   _SciaRxIsrHandler
003ee43d   _SciaTxIsrHandler
003ee480   _DS1305_Init
003ee496   _DS1305_Read
003ee4a1   _DS1305_Write
003ee4ad   _DS1305_Update
003ee56c   _SPI_transmit
003ee57e   _SPI_send
003ee598   _SPI_recieve
003ee5a1   _SPI_ready
003ee5ac   _SPI_init
003ee5d9   _InitSpidGpio
003ee5f8   _InitSpicGpio
003ee619   _InitSpibGpio
003ee631   _InitSpiaGpio
003ee666   _PultImpulseCapture
003ee6b4   _PultTimer
003ee6cb   _PultKeyExecute
003ee72e   _ph_order_trn
003ee75a   _ileg_trn_calc
003ee799   _ileg_fq_calc
003ee7fd   _PrdElemExecute
003ee81a   _RtosExecute
003ee836   _PrdInsert
003ee85e   _PrdExecute
003ee89f   _PrdCreate
003ee8b4   _SCI_tx_enable
003ee8c0   _SCI_tx_disable
003ee8cc   _SCI_transmit
003ee8d7   _SCI_rx_enable
003ee8e3   _SCI_rx_disable
003ee8ef   _SCI_reset
003ee8fb   _SCI_recieve
003ee904   _SCI_init
003ee930   _SCI_getstatus
003ee939   _InitScibGpio
003ee94f   _InitSciaGpio
003ee965   _DAC7513_Update
003ee9f1   _PrtCalc
003eea5f   _Min3UnsValue
003eea6c   _Min3IntValue
003eea75   _Mid3UnsValue
003eea81   _Mid3IntValue
003eea8d   _Max3UnsValue
003eea99   _Max3IntValue
003eeaa2   _LIntersection
003eeab0   _CheckRange
003eeac8   _ServiceDog
003eead2   _DisableDog
003eeada   _InitPll
003eeb1a   _InitPeripheralClocks
003eeb26   _InitSysCtrl
003eeb2d   _ApFilter3Reset
003eeb38   _ApFilter3Init
003eeb54   _ApFilter3Calc
003eeb8d   _ADT7301_Update
003eebd4   _c_int00
003eec18   _InitPieCtrl
003eec37   _EnableInterrupts
003eec4a   _ApFilter1Reset
003eec4e   _ApFilter1Init
003eec68   _ApFilter1Calc
003eec7b   I$$DIV
003eec8c   I$$MOD
003eec9d   ___memcpy_ff
003eecbe   _PFUNC_blkRead
003eecc3   _PFUNC_blkWrite
003eecc8   _PFUNC_strRead
003eecce   _PFUNC_strWrite
003eecd4   _PFUNC_wordRead
003eecd8   _PFUNC_wordWrite
003eecdb   __args_main
003eecf6   C$$EXIT
003eecf6   _abort
003eecf8   _exit
003eed0f   FS$$CMP
003eed26   _PHANTOM_ISR
003eed2b   _InitPieVectTable
003eed3c   UL$$TOFS
003eed4f   _DelayUs
003eed5f   _MemCopy
003eed6f   U$$TOFS
003eed7f   _ConfigCpuTimer
003eed8e   _strchr
003eed99   U$$DIV
003eed9e   U$$MOD
003eeda4   _strcmp
003eedae   _strlen
003eedb8   __register_unlock
003eedbc   __register_lock
003eedc0   __nop
003eedc1   _strcpy
003eedd2   _memset
003eedd9   _SetDBGIER
003eeddc   ___etext__
003eeddc   _params
003eeddc   etext
003f165c   _values
003f259c   _ElemNames
003f2f8a   _AddStr
003f318a   _groups
003f3337   ___cinit__
003f3337   cinit
003f4350   _secureRamFuncs_loadstart
003f436f   __IQ1div
003f436f   _secureRamFuncs_loadend
003f43b6   __IQ22div
003f43fd   __IQ24div
003f4444   __IQ25div
003f448b   __IQ7div
003f44d2   __IQ24sqrt
003f4514   __IQ5rmpy
003f4522   __IQ22rmpy
003f452f   __IQ24rmpy
003f453c   __IQ25rmpy
003f7ff6   code_start
003f7ff8   _CsmPwl
003ff000   _IQsinTable
003ff100   _IQcosTable
003ff400   _IQsinTableEnd
003ff502   _IQcosTableEnd
003ff502   _IQdivRoundSatTable
003ff510   _IQdivTable
003ff712   _IQdivTableEnd
003ff712   _IQisqrtRoundSatTable
003ff712   _IQsqrtRoundSatTable
003ff722   _IQisqrtTable
003ff722   _IQsqrtTable
003ff824   _IQatan2HalfPITable
003ff824   _IQisqrtTableEnd
003ff824   _IQsqrtTableEnd
003ff862   _IQatan2Table
003ff9e8   _IQ30mpyRndSatTable
003ff9e8   _IQatan2TableEnd
003ff9e8   _IQmpyRndSatTable
003ff9f4   _IQ29mpyRndSatTable
003ffa00   _IQ28mpyRndSatTable
003ffa0c   _IQ27mpyRndSatTable
003ffa18   _IQ26mpyRndSatTable
003ffa24   _IQ25mpyRndSatTable
003ffa30   _IQ24mpyRndSatTable
003ffa3c   _IQ23mpyRndSatTable
003ffa48   _IQ22mpyRndSatTable
003ffa54   _IQ21mpyRndSatTable
003ffa60   _IQ20mpyRndSatTable
003ffa6c   _IQ19mpyRndSatTable
003ffa78   _IQ18mpyRndSatTable
003ffa84   _IQ17mpyRndSatTable
003ffa90   _IQ16mpyRndSatTable
003ffa9c   _IQ15mpyRndSatTable
003ffaa8   _IQ14mpyRndSatTable
003ffab4   _IQ13mpyRndSatTable
003ffac0   _IQ12mpyRndSatTable
003ffacc   _IQ11mpyRndSatTable
003ffad8   _IQ10mpyRndSatTable
003ffae4   _IQ9mpyRndSatTable
003ffaf0   _IQ8mpyRndSatTable
003ffafc   _IQ7mpyRndSatTable
003ffb08   _IQ6mpyRndSatTable
003ffb14   _IQ5mpyRndSatTable
003ffb20   _IQ4mpyRndSatTable
003ffb2c   _IQ3mpyRndSatTable
003ffb38   _IQ2mpyRndSatTable
003ffb44   _IQ1mpyRndSatTable
003ffb50   _IQmpyRndSatTableEnd
ffffffff   ___binit__
ffffffff   ___c_args__
ffffffff   ___pinit__
ffffffff   binit
ffffffff   pinit

[661 symbols]
